---
source: tests/integration_tests.rs
expression: res
---
"id,start,stop,length,markers,is_decoy,is_longest\nSAMPLE1_1,32,33,1,1,na,na\nSAMPLE2_1,32,34,2,2,na,na\nSAMPLE3_1,32,35,3,3,na,na\nSAMPLE4_1,32,36,4,4,na,na\nSAMPLE5_1,32,37,5,5,na,na\nSAMPLE6_1,32,38,6,6,na,na\nSAMPLE7_1,32,39,7,7,na,na\nSAMPLE8_1,32,40,8,8,na,na\nSAMPLE9_1,32,41,9,9,na,na\nSAMPLE10_1,32,42,10,10,na,na\nSAMPLE11_1,32,43,11,11,na,na\nSAMPLE12_1,32,44,12,12,na,na\nSAMPLE13_1,32,45,13,13,na,na\nSAMPLE14_1,32,46,14,14,na,na\nSAMPLE1_2,17,47,30,30,na,na\nSAMPLE2_2,17,47,30,30,na,na\nSAMPLE3_2,17,47,30,30,na,na\nSAMPLE4_2,17,47,30,30,na,na\nSAMPLE5_2,17,47,30,30,na,na\nSAMPLE6_2,17,47,30,30,na,na\nSAMPLE7_2,17,47,30,30,na,na\nSAMPLE8_2,17,47,30,30,na,na\nSAMPLE9_2,17,47,30,30,na,na\nSAMPLE10_2,17,47,30,30,na,na\nSAMPLE11_2,17,47,30,30,na,na\nSAMPLE12_2,17,47,30,30,na,na\nSAMPLE13_2,17,47,30,30,na,na\nSAMPLE14_2,17,47,30,30,na,na\n"

