---
source: tests/integration_tests.rs
expression: res
---
"<svg style=\"background-color:white\" viewBox=\"0 0 20000 14000\" xmlns=\"http://www.w3.org/2000/svg\">\n<text fill=\"black\" font-size=\"210px\" font-weight=\"bold\" opacity=\"1\" x=\"10000\" y=\"280\">\n14\n</text>\n<text fill=\"black\" font-size=\"210px\" font-weight=\"bold\" opacity=\"1\" x=\"9314.286\" y=\"7360\">\n13\n</text>\n<path d=\"M10241.5,317.8 L10241.5,7318 L9576.786,7318\" fill=\"none\" opacity=\"1\" stroke=\"black\" stroke-width=\"20\"/>\n<text fill=\"black\" font-size=\"210px\" font-weight=\"bold\" opacity=\"0.1\" x=\"18914.285\" y=\"7360\">\n1\n</text>\n<path d=\"M10241.5,317.8 L10241.5,7318 L18893.285,7318\" fill=\"none\" opacity=\"0.1\" stroke=\"black\" stroke-width=\"20\"/>\n<text fill=\"black\" font-size=\"210px\" font-weight=\"bold\" opacity=\"1\" x=\"8628.572\" y=\"7802.5\">\n12\n</text>\n<path d=\"M9555.786,7397.8 L9555.786,7760.5 L8891.072,7760.5\" fill=\"none\" opacity=\"1\" stroke=\"black\" stroke-width=\"20\"/>\n<text fill=\"black\" font-size=\"210px\" font-weight=\"bold\" opacity=\"0.1\" x=\"17542.86\" y=\"7802.5\">\n1\n</text>\n<path d=\"M9555.786,7397.8 L9555.786,7760.5 L17521.86,7760.5\" fill=\"none\" opacity=\"0.1\" stroke=\"black\" stroke-width=\"20\"/>\n<text fill=\"black\" font-size=\"210px\" font-weight=\"bold\" opacity=\"1\" x=\"7942.858\" y=\"8245\">\n11\n</text>\n<path d=\"M8870.072,7840.3 L8870.072,8203 L8205.357,8203\" fill=\"none\" opacity=\"1\" stroke=\"black\" stroke-width=\"20\"/>\n<text fill=\"black\" font-size=\"210px\" font-weight=\"bold\" opacity=\"0.1\" x=\"16171.43\" y=\"8245\">\n1\n</text>\n<path d=\"M8870.072,7840.3 L8870.072,8203 L16150.43,8203\" fill=\"none\" opacity=\"0.1\" stroke=\"black\" stroke-width=\"20\"/>\n<text fill=\"black\" font-size=\"210px\" font-weight=\"bold\" opacity=\"1\" x=\"7257.1436\" y=\"8687.5\">\n10\n</text>\n<path d=\"M8184.358,8282.8 L8184.358,8645.5 L7519.6436,8645.5\" fill=\"none\" opacity=\"1\" stroke=\"black\" stroke-width=\"20\"/>\n<text fill=\"black\" font-size=\"210px\" font-weight=\"bold\" opacity=\"0.1\" x=\"14800.002\" y=\"8687.5\">\n1\n</text>\n<path d=\"M8184.358,8282.8 L8184.358,8645.5 L14779.002,8645.5\" fill=\"none\" opacity=\"0.1\" stroke=\"black\" stroke-width=\"20\"/>\n<text fill=\"black\" font-size=\"210px\" font-weight=\"bold\" opacity=\"1\" x=\"6571.429\" y=\"9130\">\n9\n</text>\n<path d=\"M7498.6436,8725.3 L7498.6436,9088 L6718.429,9088\" fill=\"none\" opacity=\"1\" stroke=\"black\" stroke-width=\"20\"/>\n<text fill=\"black\" font-size=\"210px\" font-weight=\"bold\" opacity=\"0.1\" x=\"13428.572\" y=\"9130\">\n1\n</text>\n<path d=\"M7498.6436,8725.3 L7498.6436,9088 L13407.572,9088\" fill=\"none\" opacity=\"0.1\" stroke=\"black\" stroke-width=\"20\"/>\n<text fill=\"black\" font-size=\"210px\" font-weight=\"bold\" opacity=\"1\" x=\"5885.715\" y=\"9572.5\">\n8\n</text>\n<path d=\"M6676.429,9167.8 L6676.429,9530.5 L6032.715,9530.5\" fill=\"none\" opacity=\"1\" stroke=\"black\" stroke-width=\"20\"/>\n<text fill=\"black\" font-size=\"210px\" font-weight=\"bold\" opacity=\"0.1\" x=\"12057.145\" y=\"9572.5\">\n1\n</text>\n<path d=\"M6676.429,9167.8 L6676.429,9530.5 L12036.145,9530.5\" fill=\"none\" opacity=\"0.1\" stroke=\"black\" stroke-width=\"20\"/>\n<text fill=\"black\" font-size=\"210px\" font-weight=\"bold\" opacity=\"1\" x=\"5200.0005\" y=\"10015\">\n7\n</text>\n<path d=\"M5990.715,9610.3 L5990.715,9973 L5347.0005,9973\" fill=\"none\" opacity=\"1\" stroke=\"black\" stroke-width=\"20\"/>\n<text fill=\"black\" font-size=\"210px\" font-weight=\"bold\" opacity=\"0.1\" x=\"10685.715\" y=\"10015\">\n1\n</text>\n<path d=\"M5990.715,9610.3 L5990.715,9973 L10664.715,9973\" fill=\"none\" opacity=\"0.1\" stroke=\"black\" stroke-width=\"20\"/>\n<text fill=\"black\" font-size=\"210px\" font-weight=\"bold\" opacity=\"1\" x=\"4514.286\" y=\"10457.5\">\n6\n</text>\n<path d=\"M5305.0005,10052.8 L5305.0005,10415.5 L4661.286,10415.5\" fill=\"none\" opacity=\"1\" stroke=\"black\" stroke-width=\"20\"/>\n<text fill=\"black\" font-size=\"210px\" font-weight=\"bold\" opacity=\"0.1\" x=\"9314.287\" y=\"10457.5\">\n1\n</text>\n<path d=\"M5305.0005,10052.8 L5305.0005,10415.5 L9293.287,10415.5\" fill=\"none\" opacity=\"0.1\" stroke=\"black\" stroke-width=\"20\"/>\n<text fill=\"black\" font-size=\"210px\" font-weight=\"bold\" opacity=\"1\" x=\"3828.5715\" y=\"10900\">\n5\n</text>\n<path d=\"M4619.286,10495.3 L4619.286,10858 L3975.5715,10858\" fill=\"none\" opacity=\"1\" stroke=\"black\" stroke-width=\"20\"/>\n<text fill=\"black\" font-size=\"210px\" font-weight=\"bold\" opacity=\"0.1\" x=\"7942.8574\" y=\"10900\">\n1\n</text>\n<path d=\"M4619.286,10495.3 L4619.286,10858 L7921.8574,10858\" fill=\"none\" opacity=\"0.1\" stroke=\"black\" stroke-width=\"20\"/>\n<text fill=\"black\" font-size=\"210px\" font-weight=\"bold\" opacity=\"1\" x=\"3142.8572\" y=\"11342.5\">\n4\n</text>\n<path d=\"M3933.5715,10937.8 L3933.5715,11300.5 L3289.8572,11300.5\" fill=\"none\" opacity=\"1\" stroke=\"black\" stroke-width=\"20\"/>\n<text fill=\"black\" font-size=\"210px\" font-weight=\"bold\" opacity=\"0.1\" x=\"6571.4287\" y=\"11342.5\">\n1\n</text>\n<path d=\"M3933.5715,10937.8 L3933.5715,11300.5 L6550.4287,11300.5\" fill=\"none\" opacity=\"0.1\" stroke=\"black\" stroke-width=\"20\"/>\n<text fill=\"black\" font-size=\"210px\" font-weight=\"bold\" opacity=\"1\" x=\"2457.1428\" y=\"11785\">\n3\n</text>\n<path d=\"M3247.8572,11380.3 L3247.8572,11743 L2604.1428,11743\" fill=\"none\" opacity=\"1\" stroke=\"black\" stroke-width=\"20\"/>\n<text fill=\"black\" font-size=\"210px\" font-weight=\"bold\" opacity=\"0.1\" x=\"5200\" y=\"11785\">\n1\n</text>\n<path d=\"M3247.8572,11380.3 L3247.8572,11743 L5179,11743\" fill=\"none\" opacity=\"0.1\" stroke=\"black\" stroke-width=\"20\"/>\n<text fill=\"black\" font-size=\"210px\" font-weight=\"bold\" opacity=\"1\" x=\"1771.4286\" y=\"12227.5\">\n2\n</text>\n<path d=\"M2562.1428,11822.8 L2562.1428,12185.5 L1918.4286,12185.5\" fill=\"none\" opacity=\"1\" stroke=\"black\" stroke-width=\"20\"/>\n<text fill=\"black\" font-size=\"210px\" font-weight=\"bold\" opacity=\"0.1\" x=\"3828.5713\" y=\"12227.5\">\n1\n</text>\n<path d=\"M2562.1428,11822.8 L2562.1428,12185.5 L3807.5713,12185.5\" fill=\"none\" opacity=\"0.1\" stroke=\"black\" stroke-width=\"20\"/>\n<text fill=\"black\" font-size=\"210px\" font-weight=\"bold\" opacity=\"1\" x=\"1085.7144\" y=\"12670\">\n1\n</text>\n<path d=\"M1876.4286,12265.3 L1876.4286,12628 L1232.7144,12628\" fill=\"none\" opacity=\"1\" stroke=\"black\" stroke-width=\"20\"/>\n<text fill=\"black\" font-size=\"210px\" font-weight=\"bold\" opacity=\"0.1\" x=\"2457.1428\" y=\"12670\">\n1\n</text>\n<path d=\"M1876.4286,12265.3 L1876.4286,12628 L2436.1428,12628\" fill=\"none\" opacity=\"0.1\" stroke=\"black\" stroke-width=\"20\"/>\n<text fill=\"#ff2f8e\" font-size=\"147px\" font-weight=\"bold\" opacity=\"1\" x=\"1085.7144\" y=\"12880\">\n0.00 mb\n</text>\n<text fill=\"#66df48\" font-size=\"147px\" font-weight=\"bold\" opacity=\"1\" x=\"1085.7144\" y=\"13090\">\nn=14\n</text>\n<text fill=\"#6a77dd\" font-size=\"147px\" font-weight=\"bold\" opacity=\"1\" x=\"1085.7144\" y=\"13300\">\n62.69 y\n</text>\n</svg>"

