---
source: tests/integration_tests.rs
expression: res
---
"pos,mrca\n1,1.38966\n6,1.25164\n11,1.12036\n16,1.05302\n21,1.05026\n26,1.07872\n31,1.13685\n36,1.10812\n41,1.06095\n46,1.04028\n51,1.06616\n56,1.14993\n61,1.33862\n"

