---
source: tests/integration_tests.rs
expression: res
---
"start,snp_count,bp_length\n1,62,62\n1,62,62\n1,62,62\n1,62,62\n1,62,62\n1,62,62\n1,62,62\n1,62,62\n1,62,62\n1,62,62\n1,62,62\n1,62,62\n1,62,62\n1,62,62\n1,62,62\n1,62,62\n1,62,62\n1,62,62\n1,62,62\n1,62,62\n1,62,62\n1,62,62\n1,62,62\n1,62,62\n1,62,62\n1,62,62\n1,62,62\n1,62,62\n1,62,62\n1,62,62\n1,62,62\n1,62,62\n1,62,62\n1,62,62\n1,62,62\n1,62,62\n1,62,62\n1,62,62\n1,62,62\n1,62,62\n1,62,62\n1,62,62\n1,62,62\n1,62,62\n1,62,62\n1,62,62\n1,62,62\n1,62,62\n1,62,62\n1,62,62\n1,62,62\n1,62,62\n1,62,62\n1,62,62\n1,62,62\n1,62,62\n1,62,62\n1,62,62\n1,62,62\n1,62,62\n1,62,62\n1,62,62\n1,62,62\n1,62,62\n1,62,62\n1,62,62\n1,62,62\n1,62,62\n1,62,62\n1,62,62\n1,62,62\n1,62,62\n1,62,62\n1,62,62\n1,62,62\n1,62,62\n1,62,62\n1,62,62\n1,62,62\n1,62,62\n1,62,62\n1,62,62\n1,62,62\n1,62,62\n1,62,62\n1,62,62\n1,62,62\n1,62,62\n1,62,62\n1,62,62\n1,62,62\n1,62,62\n1,62,62\n1,62,62\n1,62,62\n1,62,62\n1,62,62\n1,62,62\n1,62,62\n1,62,62\n"

