---
source: haptk/tests/test_uhst.rs
expression: res
---
"contig,pos,ref,alt,gt\n"
