---
source: haptk/tests/test_compare_haplotypes.rs
expression: res
---
"pos,tests/results/uhst_mbah.csv,tests/results/uhst_shared_core_haplotype_only_longest.csv\nchr9_5_A_C,0,-\nchr9_6_G_T,0,-\nchr9_7_A_C,0,-\nchr9_8_G_T,0,-\nchr9_9_A_C,0,-\nchr9_10_G_T,0,-\nchr9_11_A_C,0,-\nchr9_12_G_T,0,-\nchr9_13_A_C,0,-\nchr9_14_G_T,0,-\nchr9_15_A_C,0,-\nchr9_16_G_T,0,-\nchr9_17_A_C,0,0\nchr9_18_G_T,0,0\nchr9_19_A_C,0,0\nchr9_20_G_T,0,0\nchr9_21_A_C,0,0\nchr9_22_G_T,0,0\nchr9_23_A_C,0,0\nchr9_24_G_T,0,0\nchr9_25_A_C,0,0\nchr9_26_G_T,0,0\nchr9_27_A_C,0,0\nchr9_28_G_T,0,0\nchr9_29_A_C,0,0\nchr9_30_G_T,0,0\nchr9_31_A_C,0,0\nchr9_32_G_T,1,1\nchr9_33_A_C,0,0\nchr9_34_G_T,0,0\nchr9_35_A_C,0,0\nchr9_36_G_T,0,0\nchr9_37_A_C,0,0\nchr9_38_G_T,0,0\nchr9_39_A_C,0,0\nchr9_40_G_T,0,0\nchr9_41_A_C,0,0\nchr9_42_G_T,0,0\nchr9_43_A_C,0,0\nchr9_44_G_T,0,0\nchr9_45_A_C,0,0\nchr9_46_G_T,0,0\nchr9_47_A_C,0,0\nchr9_48_G_T,0,-\nchr9_49_A_C,0,-\nchr9_50_G_T,0,-\nchr9_51_A_C,0,-\nchr9_52_G_T,0,-\nchr9_53_A_C,0,-\nchr9_54_G_T,0,-\nchr9_55_A_C,0,-\nchr9_56_G_T,0,-\nchr9_57_A_C,0,-\nchr9_58_G_T,0,-\nchr9_59_A_C,0,-\n"
