---
source: haptk/tests/test_bhst.rs
expression: res
---
"contig,pos,ref,alt,gt\nchr9,31,A,C,0\n"
