---
source: haptk/tests/test_list_haplotypes.rs
expression: res
---
"id,ht\nSAMPLE1,0/1\n"
