---
source: haptk/tests/test_fasta_to_haplotype.rs
expression: res
---
"chr19,17676011,C,-,0,ENST00000519716.7_exon_1_0_chr19_17676012_r\nchr19,17676012,C,-,0,ENST00000519716.7_exon_1_0_chr19_17676012_r\nchr19,17676013,T,-,0,ENST00000519716.7_exon_1_0_chr19_17676012_r\nchr19,17676014,T,-,0,ENST00000519716.7_exon_1_0_chr19_17676012_r\nchr19,17676015,G,-,0,ENST00000519716.7_exon_1_0_chr19_17676012_r\nchr19,17676016,G,-,0,ENST00000519716.7_exon_1_0_chr19_17676012_r\nchr19,17676017,G,-,0,ENST00000519716.7_exon_1_0_chr19_17676012_r\nchr19,17676018,C,-,0,ENST00000519716.7_exon_1_0_chr19_17676012_r\nchr19,17676019,A,-,0,ENST00000519716.7_exon_1_0_chr19_17676012_r\nchr19,17676020,C,-,0,ENST00000519716.7_exon_1_0_chr19_17676012_r\nchr19,17676021,C,-,0,ENST00000519716.7_exon_1_0_chr19_17676012_r\nchr19,17676022,A,-,0,ENST00000519716.7_exon_1_0_chr19_17676012_r\nchr19,17676023,T,-,0,ENST00000519716.7_exon_1_0_chr19_17676012_r\nchr19,17676024,C,-,0,ENST00000519716.7_exon_1_0_chr19_17676012_r\nchr19,17676025,A,-,0,ENST00000519716.7_exon_1_0_chr19_17676012_r\nchr19,17676026,A,-,0,ENST00000519716.7_exon_1_0_chr19_17676012_r\nchr19,17676027,A,-,0,ENST00000519716.7_exon_1_0_chr19_17676012_r\nchr19,17676028,C,-,0,ENST00000519716.7_exon_1_0_chr19_17676012_r\nchr19,17676029,T,-,0,ENST00000519716.7_exon_1_0_chr19_17676012_r\nchr19,17676030,T,-,0,ENST00000519716.7_exon_1_0_chr19_17676012_r\nchr19,17676031,G,-,0,ENST00000519716.7_exon_1_0_chr19_17676012_r\nchr19,17676032,G,-,0,ENST00000519716.7_exon_1_0_chr19_17676012_r\nchr19,17676033,C,-,0,ENST00000519716.7_exon_1_0_chr19_17676012_r\nchr19,17676034,T,-,0,ENST00000519716.7_exon_1_0_chr19_17676012_r\nchr19,17676035,T,-,0,ENST00000519716.7_exon_1_0_chr19_17676012_r\nchr19,17676036,T,-,0,ENST00000519716.7_exon_1_0_chr19_17676012_r\nchr19,17676037,T,-,0,ENST00000519716.7_exon_1_0_chr19_17676012_r\nchr19,17676038,T,-,0,ENST00000519716.7_exon_1_0_chr19_17676012_r\nchr19,17676039,T,-,0,ENST00000519716.7_exon_1_0_chr19_17676012_r\nchr19,17676040,G,-,0,ENST00000519716.7_exon_1_0_chr19_17676012_r\nchr19,17676041,A,-,0,ENST00000519716.7_exon_1_0_chr19_17676012_r\n"
