---
source: haptk/tests/test_bhst.rs
expression: res
---
"<svg style=\"background-color:white\" viewBox=\"0 0 10000 8000\" xmlns=\"http://www.w3.org/2000/svg\">\n<text fill=\"black\" font-size=\"50px\" font-weight=\"bold\" opacity=\"1\" x=\"5000\" y=\"160\">\n14\n</text>\n<text fill=\"black\" font-size=\"50px\" font-weight=\"bold\" opacity=\"1\" x=\"4642.857\" y=\"220\">\n13\n</text>\n<path d=\"M5050,169 L5050,210 L4705.357,210\" fill=\"none\" opacity=\"1\" stroke=\"black\" stroke-width=\"10\"/>\n<text fill=\"black\" font-size=\"50px\" font-weight=\"bold\" opacity=\"1\" x=\"4285.7144\" y=\"280\">\n12\n</text>\n<path d=\"M4692.857,229 L4692.857,270 L4348.2144,270\" fill=\"none\" opacity=\"1\" stroke=\"black\" stroke-width=\"10\"/>\n<text fill=\"black\" font-size=\"50px\" font-weight=\"bold\" opacity=\"1\" x=\"3928.5715\" y=\"340\">\n11\n</text>\n<path d=\"M4335.7144,289 L4335.7144,330 L3991.0715,330\" fill=\"none\" opacity=\"1\" stroke=\"black\" stroke-width=\"10\"/>\n<text fill=\"black\" font-size=\"50px\" font-weight=\"bold\" opacity=\"1\" x=\"3571.4287\" y=\"400\">\n10\n</text>\n<path d=\"M3978.5715,349 L3978.5715,390 L3633.9287,390\" fill=\"none\" opacity=\"1\" stroke=\"black\" stroke-width=\"10\"/>\n<text fill=\"black\" font-size=\"50px\" font-weight=\"bold\" opacity=\"1\" x=\"3214.2856\" y=\"460\">\n9\n</text>\n<path d=\"M3621.4287,409 L3621.4287,450 L3249.2856,450\" fill=\"none\" opacity=\"1\" stroke=\"black\" stroke-width=\"10\"/>\n<text fill=\"black\" font-size=\"50px\" font-weight=\"bold\" opacity=\"1\" x=\"2857.1428\" y=\"520\">\n8\n</text>\n<path d=\"M3229.2856,469 L3229.2856,510 L2892.1428,510\" fill=\"none\" opacity=\"1\" stroke=\"black\" stroke-width=\"10\"/>\n<text fill=\"black\" font-size=\"50px\" font-weight=\"bold\" opacity=\"1\" x=\"2500\" y=\"580\">\n7\n</text>\n<path d=\"M2872.1428,529 L2872.1428,570 L2535,570\" fill=\"none\" opacity=\"1\" stroke=\"black\" stroke-width=\"10\"/>\n<text fill=\"black\" font-size=\"50px\" font-weight=\"bold\" opacity=\"1\" x=\"2142.8572\" y=\"640\">\n6\n</text>\n<path d=\"M2515,589 L2515,630 L2177.8572,630\" fill=\"none\" opacity=\"1\" stroke=\"black\" stroke-width=\"10\"/>\n<text fill=\"black\" font-size=\"50px\" font-weight=\"bold\" opacity=\"1\" x=\"1785.7142\" y=\"700\">\n5\n</text>\n<path d=\"M2157.8572,649 L2157.8572,690 L1820.7142,690\" fill=\"none\" opacity=\"1\" stroke=\"black\" stroke-width=\"10\"/>\n<text fill=\"black\" font-size=\"50px\" font-weight=\"bold\" opacity=\"1\" x=\"1428.5714\" y=\"760\">\n4\n</text>\n<path d=\"M1800.7142,709 L1800.7142,750 L1463.5714,750\" fill=\"none\" opacity=\"1\" stroke=\"black\" stroke-width=\"10\"/>\n<text fill=\"black\" font-size=\"50px\" font-weight=\"bold\" opacity=\"1\" x=\"1071.4286\" y=\"820\">\n3\n</text>\n<path d=\"M1443.5714,769 L1443.5714,810 L1106.4286,810\" fill=\"none\" opacity=\"1\" stroke=\"black\" stroke-width=\"10\"/>\n<text fill=\"black\" font-size=\"50px\" font-weight=\"bold\" opacity=\"1\" x=\"714.28577\" y=\"880\">\n2\n</text>\n<path d=\"M1086.4286,829 L1086.4286,870 L749.28577,870\" fill=\"none\" opacity=\"1\" stroke=\"black\" stroke-width=\"10\"/>\n<text fill=\"black\" font-size=\"50px\" font-weight=\"bold\" opacity=\"1\" x=\"357.14288\" y=\"940\">\n1\n</text>\n<path d=\"M729.28577,889 L729.28577,930 L392.14288,930\" fill=\"none\" opacity=\"1\" stroke=\"black\" stroke-width=\"10\"/>\n<text fill=\"black\" font-size=\"50px\" font-weight=\"bold\" opacity=\"1\" x=\"357.14288\" y=\"940\">\n1\n</text>\n<text fill=\"black\" font-size=\"50px\" font-weight=\"bold\" opacity=\"1\" x=\"1071.4287\" y=\"940\">\n1\n</text>\n<path d=\"M729.28577,889 L729.28577,930 L1066.4287,930\" fill=\"none\" opacity=\"1\" stroke=\"black\" stroke-width=\"10\"/>\n<text fill=\"black\" font-size=\"50px\" font-weight=\"bold\" opacity=\"1\" x=\"1071.4287\" y=\"940\">\n1\n</text>\n<text fill=\"black\" font-size=\"50px\" font-weight=\"bold\" opacity=\"1\" x=\"1785.7145\" y=\"880\">\n1\n</text>\n<path d=\"M1086.4286,829 L1086.4286,870 L1780.7145,870\" fill=\"none\" opacity=\"1\" stroke=\"black\" stroke-width=\"10\"/>\n<text fill=\"black\" font-size=\"50px\" font-weight=\"bold\" opacity=\"1\" x=\"1785.7145\" y=\"880\">\n1\n</text>\n<text fill=\"black\" font-size=\"50px\" font-weight=\"bold\" opacity=\"1\" x=\"2500\" y=\"820\">\n1\n</text>\n<path d=\"M1443.5714,769 L1443.5714,810 L2495,810\" fill=\"none\" opacity=\"1\" stroke=\"black\" stroke-width=\"10\"/>\n<text fill=\"black\" font-size=\"50px\" font-weight=\"bold\" opacity=\"1\" x=\"2500\" y=\"820\">\n1\n</text>\n<text fill=\"black\" font-size=\"50px\" font-weight=\"bold\" opacity=\"1\" x=\"3214.2856\" y=\"760\">\n1\n</text>\n<path d=\"M1800.7142,709 L1800.7142,750 L3209.2856,750\" fill=\"none\" opacity=\"1\" stroke=\"black\" stroke-width=\"10\"/>\n<text fill=\"black\" font-size=\"50px\" font-weight=\"bold\" opacity=\"1\" x=\"3214.2856\" y=\"760\">\n1\n</text>\n<text fill=\"black\" font-size=\"50px\" font-weight=\"bold\" opacity=\"1\" x=\"3928.5713\" y=\"700\">\n1\n</text>\n<path d=\"M2157.8572,649 L2157.8572,690 L3923.5713,690\" fill=\"none\" opacity=\"1\" stroke=\"black\" stroke-width=\"10\"/>\n<text fill=\"black\" font-size=\"50px\" font-weight=\"bold\" opacity=\"1\" x=\"3928.5713\" y=\"700\">\n1\n</text>\n<text fill=\"black\" font-size=\"50px\" font-weight=\"bold\" opacity=\"1\" x=\"4642.8574\" y=\"640\">\n1\n</text>\n<path d=\"M2515,589 L2515,630 L4637.8574,630\" fill=\"none\" opacity=\"1\" stroke=\"black\" stroke-width=\"10\"/>\n<text fill=\"black\" font-size=\"50px\" font-weight=\"bold\" opacity=\"1\" x=\"4642.8574\" y=\"640\">\n1\n</text>\n<text fill=\"black\" font-size=\"50px\" font-weight=\"bold\" opacity=\"1\" x=\"5357.1426\" y=\"580\">\n1\n</text>\n<path d=\"M2872.1428,529 L2872.1428,570 L5352.1426,570\" fill=\"none\" opacity=\"1\" stroke=\"black\" stroke-width=\"10\"/>\n<text fill=\"black\" font-size=\"50px\" font-weight=\"bold\" opacity=\"1\" x=\"5357.1426\" y=\"580\">\n1\n</text>\n<text fill=\"black\" font-size=\"50px\" font-weight=\"bold\" opacity=\"1\" x=\"6071.4287\" y=\"520\">\n1\n</text>\n<path d=\"M3229.2856,469 L3229.2856,510 L6066.4287,510\" fill=\"none\" opacity=\"1\" stroke=\"black\" stroke-width=\"10\"/>\n<text fill=\"black\" font-size=\"50px\" font-weight=\"bold\" opacity=\"1\" x=\"6071.4287\" y=\"520\">\n1\n</text>\n<text fill=\"black\" font-size=\"50px\" font-weight=\"bold\" opacity=\"1\" x=\"6785.714\" y=\"460\">\n1\n</text>\n<path d=\"M3621.4287,409 L3621.4287,450 L6780.714,450\" fill=\"none\" opacity=\"1\" stroke=\"black\" stroke-width=\"10\"/>\n<text fill=\"black\" font-size=\"50px\" font-weight=\"bold\" opacity=\"1\" x=\"6785.714\" y=\"460\">\n1\n</text>\n<text fill=\"black\" font-size=\"50px\" font-weight=\"bold\" opacity=\"1\" x=\"7500\" y=\"400\">\n1\n</text>\n<path d=\"M3978.5715,349 L3978.5715,390 L7495,390\" fill=\"none\" opacity=\"1\" stroke=\"black\" stroke-width=\"10\"/>\n<text fill=\"black\" font-size=\"50px\" font-weight=\"bold\" opacity=\"1\" x=\"7500\" y=\"400\">\n1\n</text>\n<text fill=\"black\" font-size=\"50px\" font-weight=\"bold\" opacity=\"1\" x=\"8214.286\" y=\"340\">\n1\n</text>\n<path d=\"M4335.7144,289 L4335.7144,330 L8209.286,330\" fill=\"none\" opacity=\"1\" stroke=\"black\" stroke-width=\"10\"/>\n<text fill=\"black\" font-size=\"50px\" font-weight=\"bold\" opacity=\"1\" x=\"8214.286\" y=\"340\">\n1\n</text>\n<text fill=\"black\" font-size=\"50px\" font-weight=\"bold\" opacity=\"1\" x=\"8928.572\" y=\"280\">\n1\n</text>\n<path d=\"M4692.857,229 L4692.857,270 L8923.572,270\" fill=\"none\" opacity=\"1\" stroke=\"black\" stroke-width=\"10\"/>\n<text fill=\"black\" font-size=\"50px\" font-weight=\"bold\" opacity=\"1\" x=\"8928.572\" y=\"280\">\n1\n</text>\n<text fill=\"black\" font-size=\"50px\" font-weight=\"bold\" opacity=\"1\" x=\"9642.857\" y=\"220\">\n1\n</text>\n<path d=\"M5050,169 L5050,210 L9637.857,210\" fill=\"none\" opacity=\"1\" stroke=\"black\" stroke-width=\"10\"/>\n<text fill=\"black\" font-size=\"50px\" font-weight=\"bold\" opacity=\"1\" x=\"9642.857\" y=\"220\">\n1\n</text>\n</svg>"

