---
source: haptk/tests/test_match_bhst.rs
expression: hst_string
---
"{\"coords\":[{\"contig\":\"chr9\",\"pos\":1,\"reference\":\"A\",\"alt\":\"C\"},{\"contig\":\"chr9\",\"pos\":2,\"reference\":\"G\",\"alt\":\"T\"},{\"contig\":\"chr9\",\"pos\":3,\"reference\":\"A\",\"alt\":\"C\"},{\"contig\":\"chr9\",\"pos\":4,\"reference\":\"G\",\"alt\":\"T\"},{\"contig\":\"chr9\",\"pos\":5,\"reference\":\"A\",\"alt\":\"C\"},{\"contig\":\"chr9\",\"pos\":6,\"reference\":\"G\",\"alt\":\"T\"},{\"contig\":\"chr9\",\"pos\":7,\"reference\":\"A\",\"alt\":\"C\"},{\"contig\":\"chr9\",\"pos\":8,\"reference\":\"G\",\"alt\":\"T\"},{\"contig\":\"chr9\",\"pos\":9,\"reference\":\"A\",\"alt\":\"C\"},{\"contig\":\"chr9\",\"pos\":10,\"reference\":\"G\",\"alt\":\"T\"},{\"contig\":\"chr9\",\"pos\":11,\"reference\":\"A\",\"alt\":\"C\"},{\"contig\":\"chr9\",\"pos\":12,\"reference\":\"G\",\"alt\":\"T\"},{\"contig\":\"chr9\",\"pos\":13,\"reference\":\"A\",\"alt\":\"C\"},{\"contig\":\"chr9\",\"pos\":14,\"reference\":\"G\",\"alt\":\"T\"},{\"contig\":\"chr9\",\"pos\":15,\"reference\":\"A\",\"alt\":\"C\"},{\"contig\":\"chr9\",\"pos\":16,\"reference\":\"G\",\"alt\":\"T\"},{\"contig\":\"chr9\",\"pos\":17,\"reference\":\"A\",\"alt\":\"C\"},{\"contig\":\"chr9\",\"pos\":18,\"reference\":\"G\",\"alt\":\"T\"},{\"contig\":\"chr9\",\"pos\":19,\"reference\":\"A\",\"alt\":\"C\"},{\"contig\":\"chr9\",\"pos\":20,\"reference\":\"G\",\"alt\":\"T\"},{\"contig\":\"chr9\",\"pos\":21,\"reference\":\"A\",\"alt\":\"C\"},{\"contig\":\"chr9\",\"pos\":22,\"reference\":\"G\",\"alt\":\"T\"},{\"contig\":\"chr9\",\"pos\":23,\"reference\":\"A\",\"alt\":\"C\"},{\"contig\":\"chr9\",\"pos\":24,\"reference\":\"G\",\"alt\":\"T\"},{\"contig\":\"chr9\",\"pos\":25,\"reference\":\"A\",\"alt\":\"C\"},{\"contig\":\"chr9\",\"pos\":26,\"reference\":\"G\",\"alt\":\"T\"},{\"contig\":\"chr9\",\"pos\":27,\"reference\":\"A\",\"alt\":\"C\"},{\"contig\":\"chr9\",\"pos\":28,\"reference\":\"G\",\"alt\":\"T\"},{\"contig\":\"chr9\",\"pos\":29,\"reference\":\"A\",\"alt\":\"C\"},{\"contig\":\"chr9\",\"pos\":30,\"reference\":\"G\",\"alt\":\"T\"},{\"contig\":\"chr9\",\"pos\":31,\"reference\":\"A\",\"alt\":\"C\"},{\"contig\":\"chr9\",\"pos\":32,\"reference\":\"G\",\"alt\":\"T\"},{\"contig\":\"chr9\",\"pos\":33,\"reference\":\"A\",\"alt\":\"C\"},{\"contig\":\"chr9\",\"pos\":34,\"reference\":\"G\",\"alt\":\"T\"},{\"contig\":\"chr9\",\"pos\":35,\"reference\":\"A\",\"alt\":\"C\"},{\"contig\":\"chr9\",\"pos\":36,\"reference\":\"G\",\"alt\":\"T\"},{\"contig\":\"chr9\",\"pos\":37,\"reference\":\"A\",\"alt\":\"C\"},{\"contig\":\"chr9\",\"pos\":38,\"reference\":\"G\",\"alt\":\"T\"},{\"contig\":\"chr9\",\"pos\":39,\"reference\":\"A\",\"alt\":\"C\"},{\"contig\":\"chr9\",\"pos\":40,\"reference\":\"G\",\"alt\":\"T\"},{\"contig\":\"chr9\",\"pos\":41,\"reference\":\"A\",\"alt\":\"C\"},{\"contig\":\"chr9\",\"pos\":42,\"reference\":\"G\",\"alt\":\"T\"},{\"contig\":\"chr9\",\"pos\":43,\"reference\":\"A\",\"alt\":\"C\"},{\"contig\":\"chr9\",\"pos\":44,\"reference\":\"G\",\"alt\":\"T\"},{\"contig\":\"chr9\",\"pos\":45,\"reference\":\"A\",\"alt\":\"C\"},{\"contig\":\"chr9\",\"pos\":46,\"reference\":\"G\",\"alt\":\"T\"},{\"contig\":\"chr9\",\"pos\":47,\"reference\":\"A\",\"alt\":\"C\"},{\"contig\":\"chr9\",\"pos\":48,\"reference\":\"G\",\"alt\":\"T\"},{\"contig\":\"chr9\",\"pos\":49,\"reference\":\"A\",\"alt\":\"C\"},{\"contig\":\"chr9\",\"pos\":50,\"reference\":\"G\",\"alt\":\"T\"},{\"contig\":\"chr9\",\"pos\":51,\"reference\":\"A\",\"alt\":\"C\"},{\"contig\":\"chr9\",\"pos\":52,\"reference\":\"G\",\"alt\":\"T\"},{\"contig\":\"chr9\",\"pos\":53,\"reference\":\"A\",\"alt\":\"C\"},{\"contig\":\"chr9\",\"pos\":54,\"reference\":\"G\",\"alt\":\"T\"},{\"contig\":\"chr9\",\"pos\":55,\"reference\":\"A\",\"alt\":\"C\"},{\"contig\":\"chr9\",\"pos\":56,\"reference\":\"G\",\"alt\":\"T\"},{\"contig\":\"chr9\",\"pos\":57,\"reference\":\"A\",\"alt\":\"C\"},{\"contig\":\"chr9\",\"pos\":58,\"reference\":\"G\",\"alt\":\"T\"},{\"contig\":\"chr9\",\"pos\":59,\"reference\":\"A\",\"alt\":\"C\"},{\"contig\":\"chr9\",\"pos\":60,\"reference\":\"G\",\"alt\":\"T\"},{\"contig\":\"chr9\",\"pos\":61,\"reference\":\"A\",\"alt\":\"C\"},{\"contig\":\"chr9\",\"pos\":62,\"reference\":\"G\",\"alt\":\"T\"},{\"contig\":\"chr9\",\"pos\":63,\"reference\":\"A\",\"alt\":\"C\"}],\"hst\":{\"nodes\":[{\"indexes\":[],\"start_idx\":31,\"stop_idx\":31,\"haplotype\":[]},{\"indexes\":[1,2,3,4,5,6,7,8,9,10,11,12,13],\"start_idx\":15,\"stop_idx\":47,\"haplotype\":[]},{\"indexes\":[0],\"start_idx\":15,\"stop_idx\":47,\"haplotype\":[]},{\"indexes\":[2,3,4,5,6,7,8,9,10,11,12,13],\"start_idx\":14,\"stop_idx\":48,\"haplotype\":[]},{\"indexes\":[1],\"start_idx\":14,\"stop_idx\":48,\"haplotype\":[]},{\"indexes\":[3,4,5,6,7,8,9,10,11,12,13],\"start_idx\":13,\"stop_idx\":49,\"haplotype\":[]},{\"indexes\":[2],\"start_idx\":13,\"stop_idx\":49,\"haplotype\":[]},{\"indexes\":[4,5,6,7,8,9,10,11,12,13],\"start_idx\":12,\"stop_idx\":50,\"haplotype\":[]},{\"indexes\":[3],\"start_idx\":12,\"stop_idx\":50,\"haplotype\":[]},{\"indexes\":[5,6,7,8,9,10,11,12,13],\"start_idx\":11,\"stop_idx\":51,\"haplotype\":[]},{\"indexes\":[4],\"start_idx\":11,\"stop_idx\":51,\"haplotype\":[]},{\"indexes\":[6,7,8,9,10,11,12,13],\"start_idx\":10,\"stop_idx\":52,\"haplotype\":[]},{\"indexes\":[5],\"start_idx\":10,\"stop_idx\":52,\"haplotype\":[]},{\"indexes\":[7,8,9,10,11,12,13],\"start_idx\":9,\"stop_idx\":53,\"haplotype\":[]},{\"indexes\":[6],\"start_idx\":9,\"stop_idx\":53,\"haplotype\":[]},{\"indexes\":[8,9,10,11,12,13],\"start_idx\":8,\"stop_idx\":54,\"haplotype\":[]},{\"indexes\":[7],\"start_idx\":8,\"stop_idx\":54,\"haplotype\":[]},{\"indexes\":[9,10,11,12,13],\"start_idx\":7,\"stop_idx\":55,\"haplotype\":[]},{\"indexes\":[8],\"start_idx\":7,\"stop_idx\":55,\"haplotype\":[]},{\"indexes\":[10,11,12,13],\"start_idx\":6,\"stop_idx\":56,\"haplotype\":[]},{\"indexes\":[9],\"start_idx\":6,\"stop_idx\":56,\"haplotype\":[]},{\"indexes\":[11,12,13],\"start_idx\":5,\"stop_idx\":57,\"haplotype\":[]},{\"indexes\":[10],\"start_idx\":5,\"stop_idx\":57,\"haplotype\":[]},{\"indexes\":[12,13],\"start_idx\":4,\"stop_idx\":58,\"haplotype\":[]},{\"indexes\":[11],\"start_idx\":4,\"stop_idx\":58,\"haplotype\":[]},{\"indexes\":[13],\"start_idx\":3,\"stop_idx\":59,\"haplotype\":[]},{\"indexes\":[12],\"start_idx\":3,\"stop_idx\":59,\"haplotype\":[]}],\"node_holes\":[],\"edge_property\":\"directed\",\"edges\":[[0,1,0],[0,2,0],[2,3,0],[2,4,0],[4,5,0],[4,6,0],[6,7,0],[6,8,0],[8,9,0],[8,10,0],[10,11,0],[10,12,0],[12,13,0],[12,14,0],[14,15,0],[14,16,0],[16,17,0],[16,18,0],[18,19,0],[18,20,0],[20,21,0],[20,22,0],[22,23,0],[22,24,0],[24,25,0],[24,26,0]]},\"samples\":[\"SAMPLE1\",\"SAMPLE2\",\"SAMPLE3\",\"SAMPLE4\",\"SAMPLE5\",\"SAMPLE6\",\"SAMPLE7\",\"SAMPLE8\",\"SAMPLE9\",\"SAMPLE10\",\"SAMPLE11\",\"SAMPLE12\",\"SAMPLE13\",\"SAMPLE14\"]}"

