---
source: haptk/tests/test_uhst.rs
expression: res
---
"<svg style=\"background-color:white\" viewBox=\"0 0 20000 14000\" xmlns=\"http://www.w3.org/2000/svg\">\n<text fill=\"black\" font-size=\"210px\" font-weight=\"bold\" opacity=\"1\" x=\"10000\" y=\"280\">\n13\n</text>\n<text fill=\"black\" font-size=\"210px\" font-weight=\"bold\" opacity=\"1\" x=\"9230.77\" y=\"532\">\n12\n</text>\n<path d=\"M10210,317.8 L10210,490 L9493.27,490\" fill=\"none\" opacity=\"1\" stroke=\"black\" stroke-width=\"20\"/>\n<text fill=\"black\" font-size=\"210px\" font-weight=\"bold\" opacity=\"1\" x=\"8461.539\" y=\"784\">\n11\n</text>\n<path d=\"M9440.77,569.8 L9440.77,742 L8724.039,742\" fill=\"none\" opacity=\"1\" stroke=\"black\" stroke-width=\"20\"/>\n<text fill=\"black\" font-size=\"210px\" font-weight=\"bold\" opacity=\"1\" x=\"7692.3086\" y=\"1036\">\n10\n</text>\n<path d=\"M8671.539,821.8 L8671.539,994 L7954.8086,994\" fill=\"none\" opacity=\"1\" stroke=\"black\" stroke-width=\"20\"/>\n<text fill=\"black\" font-size=\"210px\" font-weight=\"bold\" opacity=\"1\" x=\"6923.0776\" y=\"1288\">\n9\n</text>\n<path d=\"M7902.3086,1073.8 L7902.3086,1246 L7070.0776,1246\" fill=\"none\" opacity=\"1\" stroke=\"black\" stroke-width=\"20\"/>\n<text fill=\"black\" font-size=\"210px\" font-weight=\"bold\" opacity=\"1\" x=\"6153.8467\" y=\"1540\">\n8\n</text>\n<path d=\"M6986.0776,1325.8 L6986.0776,1498 L6300.8467,1498\" fill=\"none\" opacity=\"1\" stroke=\"black\" stroke-width=\"20\"/>\n<text fill=\"black\" font-size=\"210px\" font-weight=\"bold\" opacity=\"1\" x=\"5384.6157\" y=\"1792\">\n7\n</text>\n<path d=\"M6216.8467,1577.8 L6216.8467,1750 L5531.6157,1750\" fill=\"none\" opacity=\"1\" stroke=\"black\" stroke-width=\"20\"/>\n<text fill=\"black\" font-size=\"210px\" font-weight=\"bold\" opacity=\"1\" x=\"4615.385\" y=\"2044\">\n6\n</text>\n<path d=\"M5447.6157,1829.8 L5447.6157,2002 L4762.385,2002\" fill=\"none\" opacity=\"1\" stroke=\"black\" stroke-width=\"20\"/>\n<text fill=\"black\" font-size=\"210px\" font-weight=\"bold\" opacity=\"1\" x=\"3846.1538\" y=\"2296\">\n5\n</text>\n<path d=\"M4678.385,2081.8 L4678.385,2254 L3993.1538,2254\" fill=\"none\" opacity=\"1\" stroke=\"black\" stroke-width=\"20\"/>\n<text fill=\"black\" font-size=\"210px\" font-weight=\"bold\" opacity=\"1\" x=\"3076.923\" y=\"2548\">\n4\n</text>\n<path d=\"M3909.1538,2333.8 L3909.1538,2506 L3223.923,2506\" fill=\"none\" opacity=\"1\" stroke=\"black\" stroke-width=\"20\"/>\n<text fill=\"black\" font-size=\"210px\" font-weight=\"bold\" opacity=\"1\" x=\"2307.6924\" y=\"2800\">\n3\n</text>\n<path d=\"M3139.923,2585.8 L3139.923,2758 L2454.6924,2758\" fill=\"none\" opacity=\"1\" stroke=\"black\" stroke-width=\"20\"/>\n<text fill=\"black\" font-size=\"210px\" font-weight=\"bold\" opacity=\"1\" x=\"1538.4617\" y=\"3052\">\n2\n</text>\n<path d=\"M2370.6924,2837.8 L2370.6924,3010 L1685.4617,3010\" fill=\"none\" opacity=\"1\" stroke=\"black\" stroke-width=\"20\"/>\n<text fill=\"black\" font-size=\"210px\" font-weight=\"bold\" opacity=\"1\" x=\"769.23083\" y=\"3304\">\n1\n</text>\n<path d=\"M1601.4617,3089.8 L1601.4617,3262 L916.23083,3262\" fill=\"none\" opacity=\"1\" stroke=\"black\" stroke-width=\"20\"/>\n<text fill=\"black\" font-size=\"210px\" font-weight=\"bold\" opacity=\"1\" x=\"769.23083\" y=\"3304\">\n1\n</text>\n<text fill=\"black\" font-size=\"210px\" font-weight=\"bold\" opacity=\"1\" x=\"2307.6924\" y=\"3304\">\n1\n</text>\n<path d=\"M1601.4617,3089.8 L1601.4617,3262 L2286.6924,3262\" fill=\"none\" opacity=\"1\" stroke=\"black\" stroke-width=\"20\"/>\n<text fill=\"black\" font-size=\"210px\" font-weight=\"bold\" opacity=\"1\" x=\"2307.6924\" y=\"3304\">\n1\n</text>\n<text fill=\"black\" font-size=\"210px\" font-weight=\"bold\" opacity=\"1\" x=\"3846.154\" y=\"3052\">\n1\n</text>\n<path d=\"M2370.6924,2837.8 L2370.6924,3010 L3825.154,3010\" fill=\"none\" opacity=\"1\" stroke=\"black\" stroke-width=\"20\"/>\n<text fill=\"black\" font-size=\"210px\" font-weight=\"bold\" opacity=\"1\" x=\"3846.154\" y=\"3052\">\n1\n</text>\n<text fill=\"black\" font-size=\"210px\" font-weight=\"bold\" opacity=\"1\" x=\"5384.615\" y=\"2800\">\n1\n</text>\n<path d=\"M3139.923,2585.8 L3139.923,2758 L5363.615,2758\" fill=\"none\" opacity=\"1\" stroke=\"black\" stroke-width=\"20\"/>\n<text fill=\"black\" font-size=\"210px\" font-weight=\"bold\" opacity=\"1\" x=\"5384.615\" y=\"2800\">\n1\n</text>\n<text fill=\"black\" font-size=\"210px\" font-weight=\"bold\" opacity=\"1\" x=\"6923.077\" y=\"2548\">\n1\n</text>\n<path d=\"M3909.1538,2333.8 L3909.1538,2506 L6902.077,2506\" fill=\"none\" opacity=\"1\" stroke=\"black\" stroke-width=\"20\"/>\n<text fill=\"black\" font-size=\"210px\" font-weight=\"bold\" opacity=\"1\" x=\"6923.077\" y=\"2548\">\n1\n</text>\n<text fill=\"black\" font-size=\"210px\" font-weight=\"bold\" opacity=\"1\" x=\"8461.539\" y=\"2296\">\n1\n</text>\n<path d=\"M4678.385,2081.8 L4678.385,2254 L8440.539,2254\" fill=\"none\" opacity=\"1\" stroke=\"black\" stroke-width=\"20\"/>\n<text fill=\"black\" font-size=\"210px\" font-weight=\"bold\" opacity=\"1\" x=\"8461.539\" y=\"2296\">\n1\n</text>\n<text fill=\"black\" font-size=\"210px\" font-weight=\"bold\" opacity=\"1\" x=\"10000\" y=\"2044\">\n1\n</text>\n<path d=\"M5447.6157,1829.8 L5447.6157,2002 L9979,2002\" fill=\"none\" opacity=\"1\" stroke=\"black\" stroke-width=\"20\"/>\n<text fill=\"black\" font-size=\"210px\" font-weight=\"bold\" opacity=\"1\" x=\"10000\" y=\"2044\">\n1\n</text>\n<text fill=\"black\" font-size=\"210px\" font-weight=\"bold\" opacity=\"1\" x=\"11538.463\" y=\"1792\">\n1\n</text>\n<path d=\"M6216.8467,1577.8 L6216.8467,1750 L11517.463,1750\" fill=\"none\" opacity=\"1\" stroke=\"black\" stroke-width=\"20\"/>\n<text fill=\"black\" font-size=\"210px\" font-weight=\"bold\" opacity=\"1\" x=\"11538.463\" y=\"1792\">\n1\n</text>\n<text fill=\"black\" font-size=\"210px\" font-weight=\"bold\" opacity=\"1\" x=\"13076.924\" y=\"1540\">\n1\n</text>\n<path d=\"M6986.0776,1325.8 L6986.0776,1498 L13055.924,1498\" fill=\"none\" opacity=\"1\" stroke=\"black\" stroke-width=\"20\"/>\n<text fill=\"black\" font-size=\"210px\" font-weight=\"bold\" opacity=\"1\" x=\"13076.924\" y=\"1540\">\n1\n</text>\n<text fill=\"black\" font-size=\"210px\" font-weight=\"bold\" opacity=\"1\" x=\"14615.387\" y=\"1288\">\n1\n</text>\n<path d=\"M7902.3086,1073.8 L7902.3086,1246 L14594.387,1246\" fill=\"none\" opacity=\"1\" stroke=\"black\" stroke-width=\"20\"/>\n<text fill=\"black\" font-size=\"210px\" font-weight=\"bold\" opacity=\"1\" x=\"14615.387\" y=\"1288\">\n1\n</text>\n<text fill=\"black\" font-size=\"210px\" font-weight=\"bold\" opacity=\"1\" x=\"16153.848\" y=\"1036\">\n1\n</text>\n<path d=\"M8671.539,821.8 L8671.539,994 L16132.848,994\" fill=\"none\" opacity=\"1\" stroke=\"black\" stroke-width=\"20\"/>\n<text fill=\"black\" font-size=\"210px\" font-weight=\"bold\" opacity=\"1\" x=\"16153.848\" y=\"1036\">\n1\n</text>\n<text fill=\"black\" font-size=\"210px\" font-weight=\"bold\" opacity=\"1\" x=\"17692.309\" y=\"784\">\n1\n</text>\n<path d=\"M9440.77,569.8 L9440.77,742 L17671.309,742\" fill=\"none\" opacity=\"1\" stroke=\"black\" stroke-width=\"20\"/>\n<text fill=\"black\" font-size=\"210px\" font-weight=\"bold\" opacity=\"1\" x=\"17692.309\" y=\"784\">\n1\n</text>\n<text fill=\"black\" font-size=\"210px\" font-weight=\"bold\" opacity=\"1\" x=\"19230.77\" y=\"532\">\n1\n</text>\n<path d=\"M10210,317.8 L10210,490 L19209.77,490\" fill=\"none\" opacity=\"1\" stroke=\"black\" stroke-width=\"20\"/>\n<text fill=\"black\" font-size=\"210px\" font-weight=\"bold\" opacity=\"1\" x=\"19230.77\" y=\"532\">\n1\n</text>\n</svg>"

