---
source: haptk/tests/test_uhst.rs
expression: res
---
"<svg style=\"background-color:white\" viewBox=\"0 0 20000 14000\" xmlns=\"http://www.w3.org/2000/svg\">\n<text fill=\"black\" font-size=\"210px\" font-weight=\"bold\" opacity=\"1\" x=\"10000\" y=\"280\">\n28\n</text>\n<text fill=\"black\" font-size=\"210px\" font-weight=\"bold\" opacity=\"1\" x=\"9657.143\" y=\"1165\">\n27\n</text>\n<path d=\"M10241.5,317.8 L10241.5,1123 L9919.643,1123\" fill=\"none\" opacity=\"1\" stroke=\"black\" stroke-width=\"20\"/>\n<text fill=\"black\" font-size=\"210px\" font-weight=\"bold\" opacity=\"0.1\" x=\"19257.143\" y=\"1165\">\n1\n</text>\n<path d=\"M10241.5,317.8 L10241.5,1123 L19236.143,1123\" fill=\"none\" opacity=\"0.1\" stroke=\"black\" stroke-width=\"20\"/>\n<text fill=\"black\" font-size=\"210px\" font-weight=\"bold\" opacity=\"1\" x=\"9314.285\" y=\"1607.5\">\n26\n</text>\n<path d=\"M9898.643,1202.8 L9898.643,1565.5 L9576.785,1565.5\" fill=\"none\" opacity=\"1\" stroke=\"black\" stroke-width=\"20\"/>\n<text fill=\"black\" font-size=\"210px\" font-weight=\"bold\" opacity=\"0.1\" x=\"18571.428\" y=\"1607.5\">\n1\n</text>\n<path d=\"M9898.643,1202.8 L9898.643,1565.5 L18550.428,1565.5\" fill=\"none\" opacity=\"0.1\" stroke=\"black\" stroke-width=\"20\"/>\n<text fill=\"black\" font-size=\"210px\" font-weight=\"bold\" opacity=\"1\" x=\"8971.428\" y=\"2050\">\n25\n</text>\n<path d=\"M9555.785,1645.3 L9555.785,2008 L9233.928,2008\" fill=\"none\" opacity=\"1\" stroke=\"black\" stroke-width=\"20\"/>\n<text fill=\"black\" font-size=\"210px\" font-weight=\"bold\" opacity=\"0.1\" x=\"17885.713\" y=\"2050\">\n1\n</text>\n<path d=\"M9555.785,1645.3 L9555.785,2008 L17864.713,2008\" fill=\"none\" opacity=\"0.1\" stroke=\"black\" stroke-width=\"20\"/>\n<text fill=\"black\" font-size=\"210px\" font-weight=\"bold\" opacity=\"1\" x=\"8628.57\" y=\"2492.5\">\n24\n</text>\n<path d=\"M9212.928,2087.8 L9212.928,2450.5 L8891.07,2450.5\" fill=\"none\" opacity=\"1\" stroke=\"black\" stroke-width=\"20\"/>\n<text fill=\"black\" font-size=\"210px\" font-weight=\"bold\" opacity=\"0.1\" x=\"17199.998\" y=\"2492.5\">\n1\n</text>\n<path d=\"M9212.928,2087.8 L9212.928,2450.5 L17178.998,2450.5\" fill=\"none\" opacity=\"0.1\" stroke=\"black\" stroke-width=\"20\"/>\n<text fill=\"black\" font-size=\"210px\" font-weight=\"bold\" opacity=\"1\" x=\"8285.713\" y=\"2935\">\n23\n</text>\n<path d=\"M8870.07,2530.3 L8870.07,2893 L8548.213,2893\" fill=\"none\" opacity=\"1\" stroke=\"black\" stroke-width=\"20\"/>\n<text fill=\"black\" font-size=\"210px\" font-weight=\"bold\" opacity=\"0.1\" x=\"16514.283\" y=\"2935\">\n1\n</text>\n<path d=\"M8870.07,2530.3 L8870.07,2893 L16493.283,2893\" fill=\"none\" opacity=\"0.1\" stroke=\"black\" stroke-width=\"20\"/>\n<text fill=\"black\" font-size=\"210px\" font-weight=\"bold\" opacity=\"1\" x=\"7942.856\" y=\"3377.5\">\n22\n</text>\n<path d=\"M8527.213,2972.8 L8527.213,3335.5 L8205.355,3335.5\" fill=\"none\" opacity=\"1\" stroke=\"black\" stroke-width=\"20\"/>\n<text fill=\"black\" font-size=\"210px\" font-weight=\"bold\" opacity=\"0.1\" x=\"15828.569\" y=\"3377.5\">\n1\n</text>\n<path d=\"M8527.213,2972.8 L8527.213,3335.5 L15807.569,3335.5\" fill=\"none\" opacity=\"0.1\" stroke=\"black\" stroke-width=\"20\"/>\n<text fill=\"black\" font-size=\"210px\" font-weight=\"bold\" opacity=\"1\" x=\"7599.9985\" y=\"3820\">\n21\n</text>\n<path d=\"M8184.356,3415.3 L8184.356,3778 L7862.4985,3778\" fill=\"none\" opacity=\"1\" stroke=\"black\" stroke-width=\"20\"/>\n<text fill=\"black\" font-size=\"210px\" font-weight=\"bold\" opacity=\"0.1\" x=\"15142.8545\" y=\"3820\">\n1\n</text>\n<path d=\"M8184.356,3415.3 L8184.356,3778 L15121.8545,3778\" fill=\"none\" opacity=\"0.1\" stroke=\"black\" stroke-width=\"20\"/>\n<text fill=\"black\" font-size=\"210px\" font-weight=\"bold\" opacity=\"1\" x=\"7257.1416\" y=\"4262.5\">\n20\n</text>\n<path d=\"M7841.4985,3857.8 L7841.4985,4220.5 L7519.6416,4220.5\" fill=\"none\" opacity=\"1\" stroke=\"black\" stroke-width=\"20\"/>\n<text fill=\"black\" font-size=\"210px\" font-weight=\"bold\" opacity=\"0.1\" x=\"14457.141\" y=\"4262.5\">\n1\n</text>\n<path d=\"M7841.4985,3857.8 L7841.4985,4220.5 L14436.141,4220.5\" fill=\"none\" opacity=\"0.1\" stroke=\"black\" stroke-width=\"20\"/>\n<text fill=\"black\" font-size=\"210px\" font-weight=\"bold\" opacity=\"1\" x=\"6914.284\" y=\"4705\">\n19\n</text>\n<path d=\"M7498.6416,4300.3 L7498.6416,4663 L7176.784,4663\" fill=\"none\" opacity=\"1\" stroke=\"black\" stroke-width=\"20\"/>\n<text fill=\"black\" font-size=\"210px\" font-weight=\"bold\" opacity=\"0.1\" x=\"13771.426\" y=\"4705\">\n1\n</text>\n<path d=\"M7498.6416,4300.3 L7498.6416,4663 L13750.426,4663\" fill=\"none\" opacity=\"0.1\" stroke=\"black\" stroke-width=\"20\"/>\n<text fill=\"black\" font-size=\"210px\" font-weight=\"bold\" opacity=\"1\" x=\"6571.4272\" y=\"5147.5\">\n18\n</text>\n<path d=\"M7155.784,4742.8 L7155.784,5105.5 L6833.9272,5105.5\" fill=\"none\" opacity=\"1\" stroke=\"black\" stroke-width=\"20\"/>\n<text fill=\"black\" font-size=\"210px\" font-weight=\"bold\" opacity=\"0.1\" x=\"13085.711\" y=\"5147.5\">\n1\n</text>\n<path d=\"M7155.784,4742.8 L7155.784,5105.5 L13064.711,5105.5\" fill=\"none\" opacity=\"0.1\" stroke=\"black\" stroke-width=\"20\"/>\n<text fill=\"black\" font-size=\"210px\" font-weight=\"bold\" opacity=\"1\" x=\"6228.5703\" y=\"5590\">\n17\n</text>\n<path d=\"M6812.9272,5185.3 L6812.9272,5548 L6491.0703,5548\" fill=\"none\" opacity=\"1\" stroke=\"black\" stroke-width=\"20\"/>\n<text fill=\"black\" font-size=\"210px\" font-weight=\"bold\" opacity=\"0.1\" x=\"12399.998\" y=\"5590\">\n1\n</text>\n<path d=\"M6812.9272,5185.3 L6812.9272,5548 L12378.998,5548\" fill=\"none\" opacity=\"0.1\" stroke=\"black\" stroke-width=\"20\"/>\n<text fill=\"black\" font-size=\"210px\" font-weight=\"bold\" opacity=\"1\" x=\"5885.7134\" y=\"6032.5\">\n16\n</text>\n<path d=\"M6470.0703,5627.8 L6470.0703,5990.5 L6148.2134,5990.5\" fill=\"none\" opacity=\"1\" stroke=\"black\" stroke-width=\"20\"/>\n<text fill=\"black\" font-size=\"210px\" font-weight=\"bold\" opacity=\"0.1\" x=\"11714.283\" y=\"6032.5\">\n1\n</text>\n<path d=\"M6470.0703,5627.8 L6470.0703,5990.5 L11693.283,5990.5\" fill=\"none\" opacity=\"0.1\" stroke=\"black\" stroke-width=\"20\"/>\n<text fill=\"black\" font-size=\"210px\" font-weight=\"bold\" opacity=\"1\" x=\"5542.8564\" y=\"6475\">\n15\n</text>\n<path d=\"M6127.2134,6070.3 L6127.2134,6433 L5805.3564,6433\" fill=\"none\" opacity=\"1\" stroke=\"black\" stroke-width=\"20\"/>\n<text fill=\"black\" font-size=\"210px\" font-weight=\"bold\" opacity=\"0.1\" x=\"11028.57\" y=\"6475\">\n1\n</text>\n<path d=\"M6127.2134,6070.3 L6127.2134,6433 L11007.57,6433\" fill=\"none\" opacity=\"0.1\" stroke=\"black\" stroke-width=\"20\"/>\n<text fill=\"black\" font-size=\"210px\" font-weight=\"bold\" opacity=\"1\" x=\"5199.9995\" y=\"6917.5\">\n14\n</text>\n<path d=\"M5784.3564,6512.8 L5784.3564,6875.5 L5462.4995,6875.5\" fill=\"none\" opacity=\"1\" stroke=\"black\" stroke-width=\"20\"/>\n<text fill=\"black\" font-size=\"210px\" font-weight=\"bold\" opacity=\"0.1\" x=\"10342.855\" y=\"6917.5\">\n1\n</text>\n<path d=\"M5784.3564,6512.8 L5784.3564,6875.5 L10321.855,6875.5\" fill=\"none\" opacity=\"0.1\" stroke=\"black\" stroke-width=\"20\"/>\n<text fill=\"black\" font-size=\"210px\" font-weight=\"bold\" opacity=\"1\" x=\"4857.142\" y=\"7360\">\n13\n</text>\n<path d=\"M5441.4995,6955.3 L5441.4995,7318 L5119.642,7318\" fill=\"none\" opacity=\"1\" stroke=\"black\" stroke-width=\"20\"/>\n<text fill=\"black\" font-size=\"210px\" font-weight=\"bold\" opacity=\"0.1\" x=\"9657.142\" y=\"7360\">\n1\n</text>\n<path d=\"M5441.4995,6955.3 L5441.4995,7318 L9636.142,7318\" fill=\"none\" opacity=\"0.1\" stroke=\"black\" stroke-width=\"20\"/>\n<text fill=\"black\" font-size=\"210px\" font-weight=\"bold\" opacity=\"1\" x=\"4514.2847\" y=\"7802.5\">\n12\n</text>\n<path d=\"M5098.642,7397.8 L5098.642,7760.5 L4776.7847,7760.5\" fill=\"none\" opacity=\"1\" stroke=\"black\" stroke-width=\"20\"/>\n<text fill=\"black\" font-size=\"210px\" font-weight=\"bold\" opacity=\"0.1\" x=\"8971.427\" y=\"7802.5\">\n1\n</text>\n<path d=\"M5098.642,7397.8 L5098.642,7760.5 L8950.427,7760.5\" fill=\"none\" opacity=\"0.1\" stroke=\"black\" stroke-width=\"20\"/>\n<text fill=\"black\" font-size=\"210px\" font-weight=\"bold\" opacity=\"1\" x=\"4171.4277\" y=\"8245\">\n11\n</text>\n<path d=\"M4755.7847,7840.3 L4755.7847,8203 L4433.9277,8203\" fill=\"none\" opacity=\"1\" stroke=\"black\" stroke-width=\"20\"/>\n<text fill=\"black\" font-size=\"210px\" font-weight=\"bold\" opacity=\"0.1\" x=\"8285.713\" y=\"8245\">\n1\n</text>\n<path d=\"M4755.7847,7840.3 L4755.7847,8203 L8264.713,8203\" fill=\"none\" opacity=\"0.1\" stroke=\"black\" stroke-width=\"20\"/>\n<text fill=\"black\" font-size=\"210px\" font-weight=\"bold\" opacity=\"1\" x=\"3828.5706\" y=\"8687.5\">\n10\n</text>\n<path d=\"M4412.9277,8282.8 L4412.9277,8645.5 L4091.0706,8645.5\" fill=\"none\" opacity=\"1\" stroke=\"black\" stroke-width=\"20\"/>\n<text fill=\"black\" font-size=\"210px\" font-weight=\"bold\" opacity=\"0.1\" x=\"7599.998\" y=\"8687.5\">\n1\n</text>\n<path d=\"M4412.9277,8282.8 L4412.9277,8645.5 L7578.998,8645.5\" fill=\"none\" opacity=\"0.1\" stroke=\"black\" stroke-width=\"20\"/>\n<text fill=\"black\" font-size=\"210px\" font-weight=\"bold\" opacity=\"1\" x=\"3485.7134\" y=\"9130\">\n9\n</text>\n<path d=\"M4070.0706,8725.3 L4070.0706,9088 L3632.7134,9088\" fill=\"none\" opacity=\"1\" stroke=\"black\" stroke-width=\"20\"/>\n<text fill=\"black\" font-size=\"210px\" font-weight=\"bold\" opacity=\"0.1\" x=\"6914.284\" y=\"9130\">\n1\n</text>\n<path d=\"M4070.0706,8725.3 L4070.0706,9088 L6893.284,9088\" fill=\"none\" opacity=\"0.1\" stroke=\"black\" stroke-width=\"20\"/>\n<text fill=\"black\" font-size=\"210px\" font-weight=\"bold\" opacity=\"1\" x=\"3142.8564\" y=\"9572.5\">\n8\n</text>\n<path d=\"M3590.7134,9167.8 L3590.7134,9530.5 L3289.8564,9530.5\" fill=\"none\" opacity=\"1\" stroke=\"black\" stroke-width=\"20\"/>\n<text fill=\"black\" font-size=\"210px\" font-weight=\"bold\" opacity=\"0.1\" x=\"6228.57\" y=\"9572.5\">\n1\n</text>\n<path d=\"M3590.7134,9167.8 L3590.7134,9530.5 L6207.57,9530.5\" fill=\"none\" opacity=\"0.1\" stroke=\"black\" stroke-width=\"20\"/>\n<text fill=\"black\" font-size=\"210px\" font-weight=\"bold\" opacity=\"1\" x=\"2799.9995\" y=\"10015\">\n7\n</text>\n<path d=\"M3247.8564,9610.3 L3247.8564,9973 L2946.9995,9973\" fill=\"none\" opacity=\"1\" stroke=\"black\" stroke-width=\"20\"/>\n<text fill=\"black\" font-size=\"210px\" font-weight=\"bold\" opacity=\"0.1\" x=\"5542.856\" y=\"10015\">\n1\n</text>\n<path d=\"M3247.8564,9610.3 L3247.8564,9973 L5521.856,9973\" fill=\"none\" opacity=\"0.1\" stroke=\"black\" stroke-width=\"20\"/>\n<text fill=\"black\" font-size=\"210px\" font-weight=\"bold\" opacity=\"1\" x=\"2457.1423\" y=\"10457.5\">\n6\n</text>\n<path d=\"M2904.9995,10052.8 L2904.9995,10415.5 L2604.1423,10415.5\" fill=\"none\" opacity=\"1\" stroke=\"black\" stroke-width=\"20\"/>\n<text fill=\"black\" font-size=\"210px\" font-weight=\"bold\" opacity=\"0.1\" x=\"4857.1416\" y=\"10457.5\">\n1\n</text>\n<path d=\"M2904.9995,10052.8 L2904.9995,10415.5 L4836.1416,10415.5\" fill=\"none\" opacity=\"0.1\" stroke=\"black\" stroke-width=\"20\"/>\n<text fill=\"black\" font-size=\"210px\" font-weight=\"bold\" opacity=\"1\" x=\"2114.2852\" y=\"10900\">\n5\n</text>\n<path d=\"M2562.1423,10495.3 L2562.1423,10858 L2261.2852,10858\" fill=\"none\" opacity=\"1\" stroke=\"black\" stroke-width=\"20\"/>\n<text fill=\"black\" font-size=\"210px\" font-weight=\"bold\" opacity=\"0.1\" x=\"4171.4277\" y=\"10900\">\n1\n</text>\n<path d=\"M2562.1423,10495.3 L2562.1423,10858 L4150.4277,10858\" fill=\"none\" opacity=\"0.1\" stroke=\"black\" stroke-width=\"20\"/>\n<text fill=\"black\" font-size=\"210px\" font-weight=\"bold\" opacity=\"1\" x=\"1771.4282\" y=\"11342.5\">\n4\n</text>\n<path d=\"M2219.2852,10937.8 L2219.2852,11300.5 L1918.4282,11300.5\" fill=\"none\" opacity=\"1\" stroke=\"black\" stroke-width=\"20\"/>\n<text fill=\"black\" font-size=\"210px\" font-weight=\"bold\" opacity=\"0.1\" x=\"3485.7134\" y=\"11342.5\">\n1\n</text>\n<path d=\"M2219.2852,10937.8 L2219.2852,11300.5 L3464.7134,11300.5\" fill=\"none\" opacity=\"0.1\" stroke=\"black\" stroke-width=\"20\"/>\n<text fill=\"black\" font-size=\"210px\" font-weight=\"bold\" opacity=\"1\" x=\"1428.5712\" y=\"11785\">\n3\n</text>\n<path d=\"M1876.4282,11380.3 L1876.4282,11743 L1575.5712,11743\" fill=\"none\" opacity=\"1\" stroke=\"black\" stroke-width=\"20\"/>\n<text fill=\"black\" font-size=\"210px\" font-weight=\"bold\" opacity=\"0.1\" x=\"2799.9995\" y=\"11785\">\n1\n</text>\n<path d=\"M1876.4282,11380.3 L1876.4282,11743 L2778.9995,11743\" fill=\"none\" opacity=\"0.1\" stroke=\"black\" stroke-width=\"20\"/>\n<text fill=\"black\" font-size=\"210px\" font-weight=\"bold\" opacity=\"1\" x=\"1085.7141\" y=\"12227.5\">\n2\n</text>\n<path d=\"M1533.5712,11822.8 L1533.5712,12185.5 L1232.7141,12185.5\" fill=\"none\" opacity=\"1\" stroke=\"black\" stroke-width=\"20\"/>\n<text fill=\"black\" font-size=\"210px\" font-weight=\"bold\" opacity=\"0.1\" x=\"2114.2852\" y=\"12227.5\">\n1\n</text>\n<path d=\"M1533.5712,11822.8 L1533.5712,12185.5 L2093.2852,12185.5\" fill=\"none\" opacity=\"0.1\" stroke=\"black\" stroke-width=\"20\"/>\n<text fill=\"black\" font-size=\"210px\" font-weight=\"bold\" opacity=\"1\" x=\"742.85706\" y=\"12670\">\n1\n</text>\n<path d=\"M1190.7141,12265.3 L1190.7141,12628 L889.85706,12628\" fill=\"none\" opacity=\"1\" stroke=\"black\" stroke-width=\"20\"/>\n<text fill=\"black\" font-size=\"210px\" font-weight=\"bold\" opacity=\"0.1\" x=\"1428.5712\" y=\"12670\">\n1\n</text>\n<path d=\"M1190.7141,12265.3 L1190.7141,12628 L1407.5712,12628\" fill=\"none\" opacity=\"0.1\" stroke=\"black\" stroke-width=\"20\"/>\n<text fill=\"#ff2f8e\" font-size=\"147px\" font-weight=\"bold\" opacity=\"1\" x=\"742.85706\" y=\"12880\">\n0.00 mb\n</text>\n<text fill=\"#66df48\" font-size=\"147px\" font-weight=\"bold\" opacity=\"1\" x=\"742.85706\" y=\"13090\">\nn=28\n</text>\n<text fill=\"#6a77dd\" font-size=\"147px\" font-weight=\"bold\" opacity=\"1\" x=\"742.85706\" y=\"13300\">\n62.69 y\n</text>\n</svg>"

