---
source: haptk/tests/test_uhst.rs
expression: res
---
"<svg style=\"background-color:white\" viewBox=\"0 0 20000 14000\" xmlns=\"http://www.w3.org/2000/svg\">\n<text fill=\"black\" font-size=\"210px\" font-weight=\"bold\" opacity=\"1\" x=\"10000\" y=\"280\">\n14\n</text>\n<text fill=\"black\" font-size=\"210px\" font-weight=\"bold\" opacity=\"1\" x=\"9285.714\" y=\"532\">\n13\n</text>\n<path d=\"M10210,317.8 L10210,490 L9548.214,490\" fill=\"none\" opacity=\"1\" stroke=\"black\" stroke-width=\"20\"/>\n<text fill=\"black\" font-size=\"210px\" font-weight=\"bold\" opacity=\"1\" x=\"8571.429\" y=\"784\">\n12\n</text>\n<path d=\"M9495.714,569.8 L9495.714,742 L8833.929,742\" fill=\"none\" opacity=\"1\" stroke=\"black\" stroke-width=\"20\"/>\n<text fill=\"black\" font-size=\"210px\" font-weight=\"bold\" opacity=\"1\" x=\"7857.143\" y=\"1036\">\n11\n</text>\n<path d=\"M8781.429,821.8 L8781.429,994 L8119.643,994\" fill=\"none\" opacity=\"1\" stroke=\"black\" stroke-width=\"20\"/>\n<text fill=\"black\" font-size=\"210px\" font-weight=\"bold\" opacity=\"1\" x=\"7142.8574\" y=\"1288\">\n10\n</text>\n<path d=\"M8067.143,1073.8 L8067.143,1246 L7405.3574,1246\" fill=\"none\" opacity=\"1\" stroke=\"black\" stroke-width=\"20\"/>\n<text fill=\"black\" font-size=\"210px\" font-weight=\"bold\" opacity=\"1\" x=\"6428.5713\" y=\"1540\">\n9\n</text>\n<path d=\"M7352.8574,1325.8 L7352.8574,1498 L6575.5713,1498\" fill=\"none\" opacity=\"1\" stroke=\"black\" stroke-width=\"20\"/>\n<text fill=\"black\" font-size=\"210px\" font-weight=\"bold\" opacity=\"1\" x=\"5714.2856\" y=\"1792\">\n8\n</text>\n<path d=\"M6491.5713,1577.8 L6491.5713,1750 L5861.2856,1750\" fill=\"none\" opacity=\"1\" stroke=\"black\" stroke-width=\"20\"/>\n<text fill=\"black\" font-size=\"210px\" font-weight=\"bold\" opacity=\"1\" x=\"5000\" y=\"2044\">\n7\n</text>\n<path d=\"M5777.2856,1829.8 L5777.2856,2002 L5147,2002\" fill=\"none\" opacity=\"1\" stroke=\"black\" stroke-width=\"20\"/>\n<text fill=\"black\" font-size=\"210px\" font-weight=\"bold\" opacity=\"1\" x=\"4285.7144\" y=\"2296\">\n6\n</text>\n<path d=\"M5063,2081.8 L5063,2254 L4432.7144,2254\" fill=\"none\" opacity=\"1\" stroke=\"black\" stroke-width=\"20\"/>\n<text fill=\"black\" font-size=\"210px\" font-weight=\"bold\" opacity=\"1\" x=\"3571.4285\" y=\"2548\">\n5\n</text>\n<path d=\"M4348.7144,2333.8 L4348.7144,2506 L3718.4285,2506\" fill=\"none\" opacity=\"1\" stroke=\"black\" stroke-width=\"20\"/>\n<text fill=\"black\" font-size=\"210px\" font-weight=\"bold\" opacity=\"1\" x=\"2857.1428\" y=\"2800\">\n4\n</text>\n<path d=\"M3634.4285,2585.8 L3634.4285,2758 L3004.1428,2758\" fill=\"none\" opacity=\"1\" stroke=\"black\" stroke-width=\"20\"/>\n<text fill=\"black\" font-size=\"210px\" font-weight=\"bold\" opacity=\"1\" x=\"2142.8572\" y=\"3052\">\n3\n</text>\n<path d=\"M2920.1428,2837.8 L2920.1428,3010 L2289.8572,3010\" fill=\"none\" opacity=\"1\" stroke=\"black\" stroke-width=\"20\"/>\n<text fill=\"black\" font-size=\"210px\" font-weight=\"bold\" opacity=\"1\" x=\"1428.5715\" y=\"3304\">\n2\n</text>\n<path d=\"M2205.8572,3089.8 L2205.8572,3262 L1575.5715,3262\" fill=\"none\" opacity=\"1\" stroke=\"black\" stroke-width=\"20\"/>\n<text fill=\"black\" font-size=\"210px\" font-weight=\"bold\" opacity=\"1\" x=\"714.28577\" y=\"3556\">\n1\n</text>\n<path d=\"M1491.5715,3341.8 L1491.5715,3514 L861.28577,3514\" fill=\"none\" opacity=\"1\" stroke=\"black\" stroke-width=\"20\"/>\n<text fill=\"black\" font-size=\"210px\" font-weight=\"bold\" opacity=\"1\" x=\"714.28577\" y=\"3556\">\n1\n</text>\n<text fill=\"black\" font-size=\"210px\" font-weight=\"bold\" opacity=\"1\" x=\"2142.8574\" y=\"3556\">\n1\n</text>\n<path d=\"M1491.5715,3341.8 L1491.5715,3514 L2121.8574,3514\" fill=\"none\" opacity=\"1\" stroke=\"black\" stroke-width=\"20\"/>\n<text fill=\"black\" font-size=\"210px\" font-weight=\"bold\" opacity=\"1\" x=\"2142.8574\" y=\"3556\">\n1\n</text>\n<text fill=\"black\" font-size=\"210px\" font-weight=\"bold\" opacity=\"1\" x=\"3571.429\" y=\"3304\">\n1\n</text>\n<path d=\"M2205.8572,3089.8 L2205.8572,3262 L3550.429,3262\" fill=\"none\" opacity=\"1\" stroke=\"black\" stroke-width=\"20\"/>\n<text fill=\"black\" font-size=\"210px\" font-weight=\"bold\" opacity=\"1\" x=\"3571.429\" y=\"3304\">\n1\n</text>\n<text fill=\"black\" font-size=\"210px\" font-weight=\"bold\" opacity=\"1\" x=\"5000\" y=\"3052\">\n1\n</text>\n<path d=\"M2920.1428,2837.8 L2920.1428,3010 L4979,3010\" fill=\"none\" opacity=\"1\" stroke=\"black\" stroke-width=\"20\"/>\n<text fill=\"black\" font-size=\"210px\" font-weight=\"bold\" opacity=\"1\" x=\"5000\" y=\"3052\">\n1\n</text>\n<text fill=\"black\" font-size=\"210px\" font-weight=\"bold\" opacity=\"1\" x=\"6428.5713\" y=\"2800\">\n1\n</text>\n<path d=\"M3634.4285,2585.8 L3634.4285,2758 L6407.5713,2758\" fill=\"none\" opacity=\"1\" stroke=\"black\" stroke-width=\"20\"/>\n<text fill=\"black\" font-size=\"210px\" font-weight=\"bold\" opacity=\"1\" x=\"6428.5713\" y=\"2800\">\n1\n</text>\n<text fill=\"black\" font-size=\"210px\" font-weight=\"bold\" opacity=\"1\" x=\"7857.1426\" y=\"2548\">\n1\n</text>\n<path d=\"M4348.7144,2333.8 L4348.7144,2506 L7836.1426,2506\" fill=\"none\" opacity=\"1\" stroke=\"black\" stroke-width=\"20\"/>\n<text fill=\"black\" font-size=\"210px\" font-weight=\"bold\" opacity=\"1\" x=\"7857.1426\" y=\"2548\">\n1\n</text>\n<text fill=\"black\" font-size=\"210px\" font-weight=\"bold\" opacity=\"1\" x=\"9285.715\" y=\"2296\">\n1\n</text>\n<path d=\"M5063,2081.8 L5063,2254 L9264.715,2254\" fill=\"none\" opacity=\"1\" stroke=\"black\" stroke-width=\"20\"/>\n<text fill=\"black\" font-size=\"210px\" font-weight=\"bold\" opacity=\"1\" x=\"9285.715\" y=\"2296\">\n1\n</text>\n<text fill=\"black\" font-size=\"210px\" font-weight=\"bold\" opacity=\"1\" x=\"10714.285\" y=\"2044\">\n1\n</text>\n<path d=\"M5777.2856,1829.8 L5777.2856,2002 L10693.285,2002\" fill=\"none\" opacity=\"1\" stroke=\"black\" stroke-width=\"20\"/>\n<text fill=\"black\" font-size=\"210px\" font-weight=\"bold\" opacity=\"1\" x=\"10714.285\" y=\"2044\">\n1\n</text>\n<text fill=\"black\" font-size=\"210px\" font-weight=\"bold\" opacity=\"1\" x=\"12142.857\" y=\"1792\">\n1\n</text>\n<path d=\"M6491.5713,1577.8 L6491.5713,1750 L12121.857,1750\" fill=\"none\" opacity=\"1\" stroke=\"black\" stroke-width=\"20\"/>\n<text fill=\"black\" font-size=\"210px\" font-weight=\"bold\" opacity=\"1\" x=\"12142.857\" y=\"1792\">\n1\n</text>\n<text fill=\"black\" font-size=\"210px\" font-weight=\"bold\" opacity=\"1\" x=\"13571.428\" y=\"1540\">\n1\n</text>\n<path d=\"M7352.8574,1325.8 L7352.8574,1498 L13550.428,1498\" fill=\"none\" opacity=\"1\" stroke=\"black\" stroke-width=\"20\"/>\n<text fill=\"black\" font-size=\"210px\" font-weight=\"bold\" opacity=\"1\" x=\"13571.428\" y=\"1540\">\n1\n</text>\n<text fill=\"black\" font-size=\"210px\" font-weight=\"bold\" opacity=\"1\" x=\"15000\" y=\"1288\">\n1\n</text>\n<path d=\"M8067.143,1073.8 L8067.143,1246 L14979,1246\" fill=\"none\" opacity=\"1\" stroke=\"black\" stroke-width=\"20\"/>\n<text fill=\"black\" font-size=\"210px\" font-weight=\"bold\" opacity=\"1\" x=\"15000\" y=\"1288\">\n1\n</text>\n<text fill=\"black\" font-size=\"210px\" font-weight=\"bold\" opacity=\"1\" x=\"16428.572\" y=\"1036\">\n1\n</text>\n<path d=\"M8781.429,821.8 L8781.429,994 L16407.572,994\" fill=\"none\" opacity=\"1\" stroke=\"black\" stroke-width=\"20\"/>\n<text fill=\"black\" font-size=\"210px\" font-weight=\"bold\" opacity=\"1\" x=\"16428.572\" y=\"1036\">\n1\n</text>\n<text fill=\"black\" font-size=\"210px\" font-weight=\"bold\" opacity=\"1\" x=\"17857.145\" y=\"784\">\n1\n</text>\n<path d=\"M9495.714,569.8 L9495.714,742 L17836.145,742\" fill=\"none\" opacity=\"1\" stroke=\"black\" stroke-width=\"20\"/>\n<text fill=\"black\" font-size=\"210px\" font-weight=\"bold\" opacity=\"1\" x=\"17857.145\" y=\"784\">\n1\n</text>\n<text fill=\"black\" font-size=\"210px\" font-weight=\"bold\" opacity=\"1\" x=\"19285.715\" y=\"532\">\n1\n</text>\n<path d=\"M10210,317.8 L10210,490 L19264.715,490\" fill=\"none\" opacity=\"1\" stroke=\"black\" stroke-width=\"20\"/>\n<text fill=\"black\" font-size=\"210px\" font-weight=\"bold\" opacity=\"1\" x=\"19285.715\" y=\"532\">\n1\n</text>\n</svg>"

