---
source: haptk/tests/test_bhst.rs
expression: res
---
"<svg style=\"background-color:white\" viewBox=\"0 0 10000 8000\" xmlns=\"http://www.w3.org/2000/svg\">\n<text fill=\"black\" font-size=\"50px\" font-weight=\"bold\" opacity=\"1\" x=\"5000\" y=\"160\">\n15\n</text>\n<text fill=\"black\" font-size=\"50px\" font-weight=\"bold\" opacity=\"1\" x=\"4666.6665\" y=\"220\">\n14\n</text>\n<path d=\"M5050,169 L5050,210 L4729.1665,210\" fill=\"none\" opacity=\"1\" stroke=\"black\" stroke-width=\"10\"/>\n<text fill=\"black\" font-size=\"50px\" font-weight=\"bold\" opacity=\"1\" x=\"4333.333\" y=\"280\">\n13\n</text>\n<path d=\"M4716.6665,229 L4716.6665,270 L4395.833,270\" fill=\"none\" opacity=\"1\" stroke=\"black\" stroke-width=\"10\"/>\n<text fill=\"black\" font-size=\"50px\" font-weight=\"bold\" opacity=\"1\" x=\"3999.9998\" y=\"340\">\n12\n</text>\n<path d=\"M4383.333,289 L4383.333,330 L4062.4998,330\" fill=\"none\" opacity=\"1\" stroke=\"black\" stroke-width=\"10\"/>\n<text fill=\"black\" font-size=\"50px\" font-weight=\"bold\" opacity=\"1\" x=\"3666.6665\" y=\"400\">\n11\n</text>\n<path d=\"M4049.9998,349 L4049.9998,390 L3729.1665,390\" fill=\"none\" opacity=\"1\" stroke=\"black\" stroke-width=\"10\"/>\n<text fill=\"black\" font-size=\"50px\" font-weight=\"bold\" opacity=\"1\" x=\"3333.3333\" y=\"460\">\n10\n</text>\n<path d=\"M3716.6665,409 L3716.6665,450 L3395.8333,450\" fill=\"none\" opacity=\"1\" stroke=\"black\" stroke-width=\"10\"/>\n<text fill=\"black\" font-size=\"50px\" font-weight=\"bold\" opacity=\"1\" x=\"2999.9998\" y=\"520\">\n9\n</text>\n<path d=\"M3383.3333,469 L3383.3333,510 L3034.9998,510\" fill=\"none\" opacity=\"1\" stroke=\"black\" stroke-width=\"10\"/>\n<text fill=\"black\" font-size=\"50px\" font-weight=\"bold\" opacity=\"1\" x=\"2666.6665\" y=\"580\">\n8\n</text>\n<path d=\"M3014.9998,529 L3014.9998,570 L2701.6665,570\" fill=\"none\" opacity=\"1\" stroke=\"black\" stroke-width=\"10\"/>\n<text fill=\"black\" font-size=\"50px\" font-weight=\"bold\" opacity=\"1\" x=\"2333.3333\" y=\"640\">\n7\n</text>\n<path d=\"M2681.6665,589 L2681.6665,630 L2368.3333,630\" fill=\"none\" opacity=\"1\" stroke=\"black\" stroke-width=\"10\"/>\n<text fill=\"black\" font-size=\"50px\" font-weight=\"bold\" opacity=\"1\" x=\"2000\" y=\"700\">\n6\n</text>\n<path d=\"M2348.3333,649 L2348.3333,690 L2035,690\" fill=\"none\" opacity=\"1\" stroke=\"black\" stroke-width=\"10\"/>\n<text fill=\"black\" font-size=\"50px\" font-weight=\"bold\" opacity=\"1\" x=\"1666.6666\" y=\"760\">\n5\n</text>\n<path d=\"M2015,709 L2015,750 L1701.6666,750\" fill=\"none\" opacity=\"1\" stroke=\"black\" stroke-width=\"10\"/>\n<text fill=\"black\" font-size=\"50px\" font-weight=\"bold\" opacity=\"1\" x=\"1333.3334\" y=\"820\">\n4\n</text>\n<path d=\"M1681.6666,769 L1681.6666,810 L1368.3334,810\" fill=\"none\" opacity=\"1\" stroke=\"black\" stroke-width=\"10\"/>\n<text fill=\"black\" font-size=\"50px\" font-weight=\"bold\" opacity=\"1\" x=\"1000\" y=\"880\">\n3\n</text>\n<path d=\"M1348.3334,829 L1348.3334,870 L1035,870\" fill=\"none\" opacity=\"1\" stroke=\"black\" stroke-width=\"10\"/>\n<text fill=\"black\" font-size=\"50px\" font-weight=\"bold\" opacity=\"1\" x=\"666.6667\" y=\"940\">\n2\n</text>\n<path d=\"M1015,889 L1015,930 L701.6667,930\" fill=\"none\" opacity=\"1\" stroke=\"black\" stroke-width=\"10\"/>\n<text fill=\"black\" font-size=\"50px\" font-weight=\"bold\" opacity=\"1\" x=\"333.33334\" y=\"1000\">\n1\n</text>\n<path d=\"M681.6667,949 L681.6667,990 L368.33334,990\" fill=\"none\" opacity=\"1\" stroke=\"black\" stroke-width=\"10\"/>\n<text fill=\"black\" font-size=\"50px\" font-weight=\"bold\" opacity=\"1\" x=\"333.33334\" y=\"1000\">\n1\n</text>\n<text fill=\"black\" font-size=\"50px\" font-weight=\"bold\" opacity=\"1\" x=\"1000\" y=\"1000\">\n1\n</text>\n<path d=\"M681.6667,949 L681.6667,990 L995,990\" fill=\"none\" opacity=\"1\" stroke=\"black\" stroke-width=\"10\"/>\n<text fill=\"black\" font-size=\"50px\" font-weight=\"bold\" opacity=\"1\" x=\"1000\" y=\"1000\">\n1\n</text>\n<text fill=\"black\" font-size=\"50px\" font-weight=\"bold\" opacity=\"1\" x=\"1666.6667\" y=\"940\">\n1\n</text>\n<path d=\"M1015,889 L1015,930 L1661.6667,930\" fill=\"none\" opacity=\"1\" stroke=\"black\" stroke-width=\"10\"/>\n<text fill=\"black\" font-size=\"50px\" font-weight=\"bold\" opacity=\"1\" x=\"1666.6667\" y=\"940\">\n1\n</text>\n<text fill=\"black\" font-size=\"50px\" font-weight=\"bold\" opacity=\"1\" x=\"2333.3335\" y=\"880\">\n1\n</text>\n<path d=\"M1348.3334,829 L1348.3334,870 L2328.3335,870\" fill=\"none\" opacity=\"1\" stroke=\"black\" stroke-width=\"10\"/>\n<text fill=\"black\" font-size=\"50px\" font-weight=\"bold\" opacity=\"1\" x=\"2333.3335\" y=\"880\">\n1\n</text>\n<text fill=\"black\" font-size=\"50px\" font-weight=\"bold\" opacity=\"1\" x=\"3000\" y=\"820\">\n1\n</text>\n<path d=\"M1681.6666,769 L1681.6666,810 L2995,810\" fill=\"none\" opacity=\"1\" stroke=\"black\" stroke-width=\"10\"/>\n<text fill=\"black\" font-size=\"50px\" font-weight=\"bold\" opacity=\"1\" x=\"3000\" y=\"820\">\n1\n</text>\n<text fill=\"black\" font-size=\"50px\" font-weight=\"bold\" opacity=\"1\" x=\"3666.6665\" y=\"760\">\n1\n</text>\n<path d=\"M2015,709 L2015,750 L3661.6665,750\" fill=\"none\" opacity=\"1\" stroke=\"black\" stroke-width=\"10\"/>\n<text fill=\"black\" font-size=\"50px\" font-weight=\"bold\" opacity=\"1\" x=\"3666.6665\" y=\"760\">\n1\n</text>\n<text fill=\"black\" font-size=\"50px\" font-weight=\"bold\" opacity=\"1\" x=\"4333.333\" y=\"700\">\n1\n</text>\n<path d=\"M2348.3333,649 L2348.3333,690 L4328.333,690\" fill=\"none\" opacity=\"1\" stroke=\"black\" stroke-width=\"10\"/>\n<text fill=\"black\" font-size=\"50px\" font-weight=\"bold\" opacity=\"1\" x=\"4333.333\" y=\"700\">\n1\n</text>\n<text fill=\"black\" font-size=\"50px\" font-weight=\"bold\" opacity=\"1\" x=\"5000\" y=\"640\">\n1\n</text>\n<path d=\"M2681.6665,589 L2681.6665,630 L4995,630\" fill=\"none\" opacity=\"1\" stroke=\"black\" stroke-width=\"10\"/>\n<text fill=\"black\" font-size=\"50px\" font-weight=\"bold\" opacity=\"1\" x=\"5000\" y=\"640\">\n1\n</text>\n<text fill=\"black\" font-size=\"50px\" font-weight=\"bold\" opacity=\"1\" x=\"5666.666\" y=\"580\">\n1\n</text>\n<path d=\"M3014.9998,529 L3014.9998,570 L5661.666,570\" fill=\"none\" opacity=\"1\" stroke=\"black\" stroke-width=\"10\"/>\n<text fill=\"black\" font-size=\"50px\" font-weight=\"bold\" opacity=\"1\" x=\"5666.666\" y=\"580\">\n1\n</text>\n<text fill=\"black\" font-size=\"50px\" font-weight=\"bold\" opacity=\"1\" x=\"6333.333\" y=\"520\">\n1\n</text>\n<path d=\"M3383.3333,469 L3383.3333,510 L6328.333,510\" fill=\"none\" opacity=\"1\" stroke=\"black\" stroke-width=\"10\"/>\n<text fill=\"black\" font-size=\"50px\" font-weight=\"bold\" opacity=\"1\" x=\"6333.333\" y=\"520\">\n1\n</text>\n<text fill=\"black\" font-size=\"50px\" font-weight=\"bold\" opacity=\"1\" x=\"7000\" y=\"460\">\n1\n</text>\n<path d=\"M3716.6665,409 L3716.6665,450 L6995,450\" fill=\"none\" opacity=\"1\" stroke=\"black\" stroke-width=\"10\"/>\n<text fill=\"black\" font-size=\"50px\" font-weight=\"bold\" opacity=\"1\" x=\"7000\" y=\"460\">\n1\n</text>\n<text fill=\"black\" font-size=\"50px\" font-weight=\"bold\" opacity=\"1\" x=\"7666.666\" y=\"400\">\n1\n</text>\n<path d=\"M4049.9998,349 L4049.9998,390 L7661.666,390\" fill=\"none\" opacity=\"1\" stroke=\"black\" stroke-width=\"10\"/>\n<text fill=\"black\" font-size=\"50px\" font-weight=\"bold\" opacity=\"1\" x=\"7666.666\" y=\"400\">\n1\n</text>\n<text fill=\"black\" font-size=\"50px\" font-weight=\"bold\" opacity=\"1\" x=\"8333.333\" y=\"340\">\n1\n</text>\n<path d=\"M4383.333,289 L4383.333,330 L8328.333,330\" fill=\"none\" opacity=\"1\" stroke=\"black\" stroke-width=\"10\"/>\n<text fill=\"black\" font-size=\"50px\" font-weight=\"bold\" opacity=\"1\" x=\"8333.333\" y=\"340\">\n1\n</text>\n<text fill=\"black\" font-size=\"50px\" font-weight=\"bold\" opacity=\"1\" x=\"9000\" y=\"280\">\n1\n</text>\n<path d=\"M4716.6665,229 L4716.6665,270 L8995,270\" fill=\"none\" opacity=\"1\" stroke=\"black\" stroke-width=\"10\"/>\n<text fill=\"black\" font-size=\"50px\" font-weight=\"bold\" opacity=\"1\" x=\"9000\" y=\"280\">\n1\n</text>\n<text fill=\"black\" font-size=\"50px\" font-weight=\"bold\" opacity=\"1\" x=\"9666.666\" y=\"220\">\n1\n</text>\n<path d=\"M5050,169 L5050,210 L9661.666,210\" fill=\"none\" opacity=\"1\" stroke=\"black\" stroke-width=\"10\"/>\n<text fill=\"black\" font-size=\"50px\" font-weight=\"bold\" opacity=\"1\" x=\"9666.666\" y=\"220\">\n1\n</text>\n</svg>"

