---
source: haptk/tests/test_bhst.rs
expression: res
---
"contig,pos,ref,alt,gt\n"

