---
source: haptk/tests/test_bhst.rs
expression: res
---
"<svg style=\"background-color:white\" viewBox=\"0 0 10000 8000\" xmlns=\"http://www.w3.org/2000/svg\">\n<text fill=\"black\" font-size=\"50px\" font-weight=\"bold\" opacity=\"1\" x=\"5000\" y=\"160\">\n28\n</text>\n<text fill=\"black\" font-size=\"50px\" font-weight=\"bold\" opacity=\"1\" x=\"2678.5713\" y=\"220\">\n15\n</text>\n<path d=\"M5050,169 L5050,210 L2741.0713,210\" fill=\"none\" opacity=\"1\" stroke=\"black\" stroke-width=\"10\"/>\n<text fill=\"black\" font-size=\"50px\" font-weight=\"bold\" opacity=\"1\" x=\"2500\" y=\"280\">\n14\n</text>\n<path d=\"M2728.5713,229 L2728.5713,270 L2562.5,270\" fill=\"none\" opacity=\"1\" stroke=\"black\" stroke-width=\"10\"/>\n<text fill=\"black\" font-size=\"50px\" font-weight=\"bold\" opacity=\"1\" x=\"2321.4285\" y=\"340\">\n13\n</text>\n<path d=\"M2550,289 L2550,330 L2383.9285,330\" fill=\"none\" opacity=\"1\" stroke=\"black\" stroke-width=\"10\"/>\n<text fill=\"black\" font-size=\"50px\" font-weight=\"bold\" opacity=\"1\" x=\"2142.8572\" y=\"400\">\n12\n</text>\n<path d=\"M2371.4285,349 L2371.4285,390 L2205.3572,390\" fill=\"none\" opacity=\"1\" stroke=\"black\" stroke-width=\"10\"/>\n<text fill=\"black\" font-size=\"50px\" font-weight=\"bold\" opacity=\"1\" x=\"1964.2858\" y=\"460\">\n11\n</text>\n<path d=\"M2192.8572,409 L2192.8572,450 L2026.7858,450\" fill=\"none\" opacity=\"1\" stroke=\"black\" stroke-width=\"10\"/>\n<text fill=\"black\" font-size=\"50px\" font-weight=\"bold\" opacity=\"1\" x=\"1785.7144\" y=\"520\">\n10\n</text>\n<path d=\"M2014.2858,469 L2014.2858,510 L1848.2144,510\" fill=\"none\" opacity=\"1\" stroke=\"black\" stroke-width=\"10\"/>\n<text fill=\"black\" font-size=\"50px\" font-weight=\"bold\" opacity=\"1\" x=\"1607.1428\" y=\"580\">\n9\n</text>\n<path d=\"M1835.7144,529 L1835.7144,570 L1642.1428,570\" fill=\"none\" opacity=\"1\" stroke=\"black\" stroke-width=\"10\"/>\n<text fill=\"black\" font-size=\"50px\" font-weight=\"bold\" opacity=\"1\" x=\"1428.5714\" y=\"640\">\n8\n</text>\n<path d=\"M1622.1428,589 L1622.1428,630 L1463.5714,630\" fill=\"none\" opacity=\"1\" stroke=\"black\" stroke-width=\"10\"/>\n<text fill=\"black\" font-size=\"50px\" font-weight=\"bold\" opacity=\"1\" x=\"1250\" y=\"700\">\n7\n</text>\n<path d=\"M1443.5714,649 L1443.5714,690 L1285,690\" fill=\"none\" opacity=\"1\" stroke=\"black\" stroke-width=\"10\"/>\n<text fill=\"black\" font-size=\"50px\" font-weight=\"bold\" opacity=\"1\" x=\"1071.4286\" y=\"760\">\n6\n</text>\n<path d=\"M1265,709 L1265,750 L1106.4286,750\" fill=\"none\" opacity=\"1\" stroke=\"black\" stroke-width=\"10\"/>\n<text fill=\"black\" font-size=\"50px\" font-weight=\"bold\" opacity=\"1\" x=\"892.8571\" y=\"820\">\n5\n</text>\n<path d=\"M1086.4286,769 L1086.4286,810 L927.8571,810\" fill=\"none\" opacity=\"1\" stroke=\"black\" stroke-width=\"10\"/>\n<text fill=\"black\" font-size=\"50px\" font-weight=\"bold\" opacity=\"1\" x=\"714.2857\" y=\"880\">\n4\n</text>\n<path d=\"M907.8571,829 L907.8571,870 L749.2857,870\" fill=\"none\" opacity=\"1\" stroke=\"black\" stroke-width=\"10\"/>\n<text fill=\"black\" font-size=\"50px\" font-weight=\"bold\" opacity=\"1\" x=\"535.7143\" y=\"940\">\n3\n</text>\n<path d=\"M729.2857,889 L729.2857,930 L570.7143,930\" fill=\"none\" opacity=\"1\" stroke=\"black\" stroke-width=\"10\"/>\n<text fill=\"black\" font-size=\"50px\" font-weight=\"bold\" opacity=\"1\" x=\"357.14288\" y=\"1000\">\n2\n</text>\n<path d=\"M550.7143,949 L550.7143,990 L392.14288,990\" fill=\"none\" opacity=\"1\" stroke=\"black\" stroke-width=\"10\"/>\n<text fill=\"black\" font-size=\"50px\" font-weight=\"bold\" opacity=\"1\" x=\"178.57144\" y=\"1060\">\n1\n</text>\n<path d=\"M372.14288,1009 L372.14288,1050 L213.57144,1050\" fill=\"none\" opacity=\"1\" stroke=\"black\" stroke-width=\"10\"/>\n<text fill=\"black\" font-size=\"50px\" font-weight=\"bold\" opacity=\"1\" x=\"178.57144\" y=\"1060\">\n1\n</text>\n<text fill=\"black\" font-size=\"50px\" font-weight=\"bold\" opacity=\"1\" x=\"535.71436\" y=\"1060\">\n1\n</text>\n<path d=\"M372.14288,1009 L372.14288,1050 L530.71436,1050\" fill=\"none\" opacity=\"1\" stroke=\"black\" stroke-width=\"10\"/>\n<text fill=\"black\" font-size=\"50px\" font-weight=\"bold\" opacity=\"1\" x=\"535.71436\" y=\"1060\">\n1\n</text>\n<text fill=\"black\" font-size=\"50px\" font-weight=\"bold\" opacity=\"1\" x=\"892.85724\" y=\"1000\">\n1\n</text>\n<path d=\"M550.7143,949 L550.7143,990 L887.85724,990\" fill=\"none\" opacity=\"1\" stroke=\"black\" stroke-width=\"10\"/>\n<text fill=\"black\" font-size=\"50px\" font-weight=\"bold\" opacity=\"1\" x=\"892.85724\" y=\"1000\">\n1\n</text>\n<text fill=\"black\" font-size=\"50px\" font-weight=\"bold\" opacity=\"1\" x=\"1250\" y=\"940\">\n1\n</text>\n<path d=\"M729.2857,889 L729.2857,930 L1245,930\" fill=\"none\" opacity=\"1\" stroke=\"black\" stroke-width=\"10\"/>\n<text fill=\"black\" font-size=\"50px\" font-weight=\"bold\" opacity=\"1\" x=\"1250\" y=\"940\">\n1\n</text>\n<text fill=\"black\" font-size=\"50px\" font-weight=\"bold\" opacity=\"1\" x=\"1607.1428\" y=\"880\">\n1\n</text>\n<path d=\"M907.8571,829 L907.8571,870 L1602.1428,870\" fill=\"none\" opacity=\"1\" stroke=\"black\" stroke-width=\"10\"/>\n<text fill=\"black\" font-size=\"50px\" font-weight=\"bold\" opacity=\"1\" x=\"1607.1428\" y=\"880\">\n1\n</text>\n<text fill=\"black\" font-size=\"50px\" font-weight=\"bold\" opacity=\"1\" x=\"1964.2856\" y=\"820\">\n1\n</text>\n<path d=\"M1086.4286,769 L1086.4286,810 L1959.2856,810\" fill=\"none\" opacity=\"1\" stroke=\"black\" stroke-width=\"10\"/>\n<text fill=\"black\" font-size=\"50px\" font-weight=\"bold\" opacity=\"1\" x=\"1964.2856\" y=\"820\">\n1\n</text>\n<text fill=\"black\" font-size=\"50px\" font-weight=\"bold\" opacity=\"1\" x=\"2321.4287\" y=\"760\">\n1\n</text>\n<path d=\"M1265,709 L1265,750 L2316.4287,750\" fill=\"none\" opacity=\"1\" stroke=\"black\" stroke-width=\"10\"/>\n<text fill=\"black\" font-size=\"50px\" font-weight=\"bold\" opacity=\"1\" x=\"2321.4287\" y=\"760\">\n1\n</text>\n<text fill=\"black\" font-size=\"50px\" font-weight=\"bold\" opacity=\"1\" x=\"2678.5713\" y=\"700\">\n1\n</text>\n<path d=\"M1443.5714,649 L1443.5714,690 L2673.5713,690\" fill=\"none\" opacity=\"1\" stroke=\"black\" stroke-width=\"10\"/>\n<text fill=\"black\" font-size=\"50px\" font-weight=\"bold\" opacity=\"1\" x=\"2678.5713\" y=\"700\">\n1\n</text>\n<text fill=\"black\" font-size=\"50px\" font-weight=\"bold\" opacity=\"1\" x=\"3035.7144\" y=\"640\">\n1\n</text>\n<path d=\"M1622.1428,589 L1622.1428,630 L3030.7144,630\" fill=\"none\" opacity=\"1\" stroke=\"black\" stroke-width=\"10\"/>\n<text fill=\"black\" font-size=\"50px\" font-weight=\"bold\" opacity=\"1\" x=\"3035.7144\" y=\"640\">\n1\n</text>\n<text fill=\"black\" font-size=\"50px\" font-weight=\"bold\" opacity=\"1\" x=\"3392.857\" y=\"580\">\n1\n</text>\n<path d=\"M1835.7144,529 L1835.7144,570 L3387.857,570\" fill=\"none\" opacity=\"1\" stroke=\"black\" stroke-width=\"10\"/>\n<text fill=\"black\" font-size=\"50px\" font-weight=\"bold\" opacity=\"1\" x=\"3392.857\" y=\"580\">\n1\n</text>\n<text fill=\"black\" font-size=\"50px\" font-weight=\"bold\" opacity=\"1\" x=\"3750\" y=\"520\">\n1\n</text>\n<path d=\"M2014.2858,469 L2014.2858,510 L3745,510\" fill=\"none\" opacity=\"1\" stroke=\"black\" stroke-width=\"10\"/>\n<text fill=\"black\" font-size=\"50px\" font-weight=\"bold\" opacity=\"1\" x=\"3750\" y=\"520\">\n1\n</text>\n<text fill=\"black\" font-size=\"50px\" font-weight=\"bold\" opacity=\"1\" x=\"4107.143\" y=\"460\">\n1\n</text>\n<path d=\"M2192.8572,409 L2192.8572,450 L4102.143,450\" fill=\"none\" opacity=\"1\" stroke=\"black\" stroke-width=\"10\"/>\n<text fill=\"black\" font-size=\"50px\" font-weight=\"bold\" opacity=\"1\" x=\"4107.143\" y=\"460\">\n1\n</text>\n<text fill=\"black\" font-size=\"50px\" font-weight=\"bold\" opacity=\"1\" x=\"4464.286\" y=\"400\">\n1\n</text>\n<path d=\"M2371.4285,349 L2371.4285,390 L4459.286,390\" fill=\"none\" opacity=\"1\" stroke=\"black\" stroke-width=\"10\"/>\n<text fill=\"black\" font-size=\"50px\" font-weight=\"bold\" opacity=\"1\" x=\"4464.286\" y=\"400\">\n1\n</text>\n<text fill=\"black\" font-size=\"50px\" font-weight=\"bold\" opacity=\"1\" x=\"4821.4287\" y=\"340\">\n1\n</text>\n<path d=\"M2550,289 L2550,330 L4816.4287,330\" fill=\"none\" opacity=\"1\" stroke=\"black\" stroke-width=\"10\"/>\n<text fill=\"black\" font-size=\"50px\" font-weight=\"bold\" opacity=\"1\" x=\"4821.4287\" y=\"340\">\n1\n</text>\n<text fill=\"black\" font-size=\"50px\" font-weight=\"bold\" opacity=\"1\" x=\"5178.5713\" y=\"280\">\n1\n</text>\n<path d=\"M2728.5713,229 L2728.5713,270 L5173.5713,270\" fill=\"none\" opacity=\"1\" stroke=\"black\" stroke-width=\"10\"/>\n<text fill=\"black\" font-size=\"50px\" font-weight=\"bold\" opacity=\"1\" x=\"5178.5713\" y=\"280\">\n1\n</text>\n<text fill=\"black\" font-size=\"50px\" font-weight=\"bold\" opacity=\"1\" x=\"7500\" y=\"220\">\n12\n</text>\n<path d=\"M5050,169 L5050,210 L7484,210\" fill=\"none\" opacity=\"1\" stroke=\"black\" stroke-width=\"10\"/>\n<text fill=\"black\" font-size=\"50px\" font-weight=\"bold\" opacity=\"1\" x=\"7321.4287\" y=\"280\">\n11\n</text>\n<path d=\"M7550,229 L7550,270 L7383.9287,270\" fill=\"none\" opacity=\"1\" stroke=\"black\" stroke-width=\"10\"/>\n<text fill=\"black\" font-size=\"50px\" font-weight=\"bold\" opacity=\"1\" x=\"7142.8574\" y=\"340\">\n10\n</text>\n<path d=\"M7371.4287,289 L7371.4287,330 L7205.3574,330\" fill=\"none\" opacity=\"1\" stroke=\"black\" stroke-width=\"10\"/>\n<text fill=\"black\" font-size=\"50px\" font-weight=\"bold\" opacity=\"1\" x=\"6964.286\" y=\"400\">\n9\n</text>\n<path d=\"M7192.8574,349 L7192.8574,390 L6999.286,390\" fill=\"none\" opacity=\"1\" stroke=\"black\" stroke-width=\"10\"/>\n<text fill=\"black\" font-size=\"50px\" font-weight=\"bold\" opacity=\"1\" x=\"6785.715\" y=\"460\">\n8\n</text>\n<path d=\"M6979.286,409 L6979.286,450 L6820.715,450\" fill=\"none\" opacity=\"1\" stroke=\"black\" stroke-width=\"10\"/>\n<text fill=\"black\" font-size=\"50px\" font-weight=\"bold\" opacity=\"1\" x=\"6607.1436\" y=\"520\">\n7\n</text>\n<path d=\"M6800.715,469 L6800.715,510 L6642.1436,510\" fill=\"none\" opacity=\"1\" stroke=\"black\" stroke-width=\"10\"/>\n<text fill=\"black\" font-size=\"50px\" font-weight=\"bold\" opacity=\"1\" x=\"6428.572\" y=\"580\">\n6\n</text>\n<path d=\"M6622.1436,529 L6622.1436,570 L6463.572,570\" fill=\"none\" opacity=\"1\" stroke=\"black\" stroke-width=\"10\"/>\n<text fill=\"black\" font-size=\"50px\" font-weight=\"bold\" opacity=\"1\" x=\"6250\" y=\"640\">\n5\n</text>\n<path d=\"M6443.572,589 L6443.572,630 L6285,630\" fill=\"none\" opacity=\"1\" stroke=\"black\" stroke-width=\"10\"/>\n<text fill=\"black\" font-size=\"50px\" font-weight=\"bold\" opacity=\"1\" x=\"6071.4287\" y=\"700\">\n4\n</text>\n<path d=\"M6265,649 L6265,690 L6106.4287,690\" fill=\"none\" opacity=\"1\" stroke=\"black\" stroke-width=\"10\"/>\n<text fill=\"black\" font-size=\"50px\" font-weight=\"bold\" opacity=\"1\" x=\"5892.8574\" y=\"760\">\n3\n</text>\n<path d=\"M6086.4287,709 L6086.4287,750 L5927.8574,750\" fill=\"none\" opacity=\"1\" stroke=\"black\" stroke-width=\"10\"/>\n<text fill=\"black\" font-size=\"50px\" font-weight=\"bold\" opacity=\"1\" x=\"5714.2856\" y=\"820\">\n2\n</text>\n<path d=\"M5907.8574,769 L5907.8574,810 L5749.2856,810\" fill=\"none\" opacity=\"1\" stroke=\"black\" stroke-width=\"10\"/>\n<text fill=\"black\" font-size=\"50px\" font-weight=\"bold\" opacity=\"1\" x=\"5535.714\" y=\"880\">\n1\n</text>\n<path d=\"M5729.2856,829 L5729.2856,870 L5570.714,870\" fill=\"none\" opacity=\"1\" stroke=\"black\" stroke-width=\"10\"/>\n<text fill=\"black\" font-size=\"50px\" font-weight=\"bold\" opacity=\"1\" x=\"5535.714\" y=\"880\">\n1\n</text>\n<text fill=\"black\" font-size=\"50px\" font-weight=\"bold\" opacity=\"1\" x=\"5892.8574\" y=\"880\">\n1\n</text>\n<path d=\"M5729.2856,829 L5729.2856,870 L5887.8574,870\" fill=\"none\" opacity=\"1\" stroke=\"black\" stroke-width=\"10\"/>\n<text fill=\"black\" font-size=\"50px\" font-weight=\"bold\" opacity=\"1\" x=\"5892.8574\" y=\"880\">\n1\n</text>\n<text fill=\"black\" font-size=\"50px\" font-weight=\"bold\" opacity=\"1\" x=\"6250\" y=\"820\">\n1\n</text>\n<path d=\"M5907.8574,769 L5907.8574,810 L6245,810\" fill=\"none\" opacity=\"1\" stroke=\"black\" stroke-width=\"10\"/>\n<text fill=\"black\" font-size=\"50px\" font-weight=\"bold\" opacity=\"1\" x=\"6250\" y=\"820\">\n1\n</text>\n<text fill=\"black\" font-size=\"50px\" font-weight=\"bold\" opacity=\"1\" x=\"6607.1436\" y=\"760\">\n1\n</text>\n<path d=\"M6086.4287,709 L6086.4287,750 L6602.1436,750\" fill=\"none\" opacity=\"1\" stroke=\"black\" stroke-width=\"10\"/>\n<text fill=\"black\" font-size=\"50px\" font-weight=\"bold\" opacity=\"1\" x=\"6607.1436\" y=\"760\">\n1\n</text>\n<text fill=\"black\" font-size=\"50px\" font-weight=\"bold\" opacity=\"1\" x=\"6964.286\" y=\"700\">\n1\n</text>\n<path d=\"M6265,649 L6265,690 L6959.286,690\" fill=\"none\" opacity=\"1\" stroke=\"black\" stroke-width=\"10\"/>\n<text fill=\"black\" font-size=\"50px\" font-weight=\"bold\" opacity=\"1\" x=\"6964.286\" y=\"700\">\n1\n</text>\n<text fill=\"black\" font-size=\"50px\" font-weight=\"bold\" opacity=\"1\" x=\"7321.4297\" y=\"640\">\n1\n</text>\n<path d=\"M6443.572,589 L6443.572,630 L7316.4297,630\" fill=\"none\" opacity=\"1\" stroke=\"black\" stroke-width=\"10\"/>\n<text fill=\"black\" font-size=\"50px\" font-weight=\"bold\" opacity=\"1\" x=\"7321.4297\" y=\"640\">\n1\n</text>\n<text fill=\"black\" font-size=\"50px\" font-weight=\"bold\" opacity=\"1\" x=\"7678.5723\" y=\"580\">\n1\n</text>\n<path d=\"M6622.1436,529 L6622.1436,570 L7673.5723,570\" fill=\"none\" opacity=\"1\" stroke=\"black\" stroke-width=\"10\"/>\n<text fill=\"black\" font-size=\"50px\" font-weight=\"bold\" opacity=\"1\" x=\"7678.5723\" y=\"580\">\n1\n</text>\n<text fill=\"black\" font-size=\"50px\" font-weight=\"bold\" opacity=\"1\" x=\"8035.716\" y=\"520\">\n1\n</text>\n<path d=\"M6800.715,469 L6800.715,510 L8030.716,510\" fill=\"none\" opacity=\"1\" stroke=\"black\" stroke-width=\"10\"/>\n<text fill=\"black\" font-size=\"50px\" font-weight=\"bold\" opacity=\"1\" x=\"8035.716\" y=\"520\">\n1\n</text>\n<text fill=\"black\" font-size=\"50px\" font-weight=\"bold\" opacity=\"1\" x=\"8392.858\" y=\"460\">\n1\n</text>\n<path d=\"M6979.286,409 L6979.286,450 L8387.858,450\" fill=\"none\" opacity=\"1\" stroke=\"black\" stroke-width=\"10\"/>\n<text fill=\"black\" font-size=\"50px\" font-weight=\"bold\" opacity=\"1\" x=\"8392.858\" y=\"460\">\n1\n</text>\n<text fill=\"black\" font-size=\"50px\" font-weight=\"bold\" opacity=\"1\" x=\"8750.001\" y=\"400\">\n1\n</text>\n<path d=\"M7192.8574,349 L7192.8574,390 L8745.001,390\" fill=\"none\" opacity=\"1\" stroke=\"black\" stroke-width=\"10\"/>\n<text fill=\"black\" font-size=\"50px\" font-weight=\"bold\" opacity=\"1\" x=\"8750.001\" y=\"400\">\n1\n</text>\n<text fill=\"black\" font-size=\"50px\" font-weight=\"bold\" opacity=\"1\" x=\"9107.144\" y=\"340\">\n1\n</text>\n<path d=\"M7371.4287,289 L7371.4287,330 L9102.144,330\" fill=\"none\" opacity=\"1\" stroke=\"black\" stroke-width=\"10\"/>\n<text fill=\"black\" font-size=\"50px\" font-weight=\"bold\" opacity=\"1\" x=\"9107.144\" y=\"340\">\n1\n</text>\n<text fill=\"black\" font-size=\"50px\" font-weight=\"bold\" opacity=\"1\" x=\"9464.286\" y=\"280\">\n1\n</text>\n<path d=\"M7550,229 L7550,270 L9459.286,270\" fill=\"none\" opacity=\"1\" stroke=\"black\" stroke-width=\"10\"/>\n<text fill=\"black\" font-size=\"50px\" font-weight=\"bold\" opacity=\"1\" x=\"9464.286\" y=\"280\">\n1\n</text>\n<text fill=\"black\" font-size=\"50px\" font-weight=\"bold\" opacity=\"1\" x=\"9821.429\" y=\"220\">\n1\n</text>\n<path d=\"M7575,210 L9816.429,210\" fill=\"none\" opacity=\"1\" stroke=\"black\" stroke-width=\"10\"/>\n<text fill=\"black\" font-size=\"50px\" font-weight=\"bold\" opacity=\"1\" x=\"9821.429\" y=\"220\">\n1\n</text>\n</svg>"

