---
source: haptk/tests/test_uhst.rs
expression: res
---
"<svg style=\"background-color:white\" viewBox=\"0 0 20000 14000\" xmlns=\"http://www.w3.org/2000/svg\">\n<text fill=\"black\" font-size=\"210px\" font-weight=\"bold\" opacity=\"1\" x=\"10000\" y=\"280\">\n15\n</text>\n<text fill=\"black\" font-size=\"210px\" font-weight=\"bold\" opacity=\"1\" x=\"9333.333\" y=\"532\">\n14\n</text>\n<path d=\"M10210,317.8 L10210,490 L9595.833,490\" fill=\"none\" opacity=\"1\" stroke=\"black\" stroke-width=\"20\"/>\n<text fill=\"black\" font-size=\"210px\" font-weight=\"bold\" opacity=\"1\" x=\"8666.666\" y=\"784\">\n13\n</text>\n<path d=\"M9543.333,569.8 L9543.333,742 L8929.166,742\" fill=\"none\" opacity=\"1\" stroke=\"black\" stroke-width=\"20\"/>\n<text fill=\"black\" font-size=\"210px\" font-weight=\"bold\" opacity=\"1\" x=\"7999.9995\" y=\"1036\">\n12\n</text>\n<path d=\"M8876.666,821.8 L8876.666,994 L8262.5,994\" fill=\"none\" opacity=\"1\" stroke=\"black\" stroke-width=\"20\"/>\n<text fill=\"black\" font-size=\"210px\" font-weight=\"bold\" opacity=\"1\" x=\"7333.333\" y=\"1288\">\n11\n</text>\n<path d=\"M8210,1073.8 L8210,1246 L7595.833,1246\" fill=\"none\" opacity=\"1\" stroke=\"black\" stroke-width=\"20\"/>\n<text fill=\"black\" font-size=\"210px\" font-weight=\"bold\" opacity=\"1\" x=\"6666.6665\" y=\"1540\">\n10\n</text>\n<path d=\"M7543.333,1325.8 L7543.333,1498 L6929.1665,1498\" fill=\"none\" opacity=\"1\" stroke=\"black\" stroke-width=\"20\"/>\n<text fill=\"black\" font-size=\"210px\" font-weight=\"bold\" opacity=\"1\" x=\"5999.9995\" y=\"1792\">\n9\n</text>\n<path d=\"M6876.6665,1577.8 L6876.6665,1750 L6146.9995,1750\" fill=\"none\" opacity=\"1\" stroke=\"black\" stroke-width=\"20\"/>\n<text fill=\"black\" font-size=\"210px\" font-weight=\"bold\" opacity=\"1\" x=\"5333.333\" y=\"2044\">\n8\n</text>\n<path d=\"M6062.9995,1829.8 L6062.9995,2002 L5480.333,2002\" fill=\"none\" opacity=\"1\" stroke=\"black\" stroke-width=\"20\"/>\n<text fill=\"black\" font-size=\"210px\" font-weight=\"bold\" opacity=\"1\" x=\"4666.6665\" y=\"2296\">\n7\n</text>\n<path d=\"M5396.333,2081.8 L5396.333,2254 L4813.6665,2254\" fill=\"none\" opacity=\"1\" stroke=\"black\" stroke-width=\"20\"/>\n<text fill=\"black\" font-size=\"210px\" font-weight=\"bold\" opacity=\"1\" x=\"4000\" y=\"2548\">\n6\n</text>\n<path d=\"M4729.6665,2333.8 L4729.6665,2506 L4147,2506\" fill=\"none\" opacity=\"1\" stroke=\"black\" stroke-width=\"20\"/>\n<text fill=\"black\" font-size=\"210px\" font-weight=\"bold\" opacity=\"1\" x=\"3333.3333\" y=\"2800\">\n5\n</text>\n<path d=\"M4063,2585.8 L4063,2758 L3480.3333,2758\" fill=\"none\" opacity=\"1\" stroke=\"black\" stroke-width=\"20\"/>\n<text fill=\"black\" font-size=\"210px\" font-weight=\"bold\" opacity=\"1\" x=\"2666.6667\" y=\"3052\">\n4\n</text>\n<path d=\"M3396.3333,2837.8 L3396.3333,3010 L2813.6667,3010\" fill=\"none\" opacity=\"1\" stroke=\"black\" stroke-width=\"20\"/>\n<text fill=\"black\" font-size=\"210px\" font-weight=\"bold\" opacity=\"1\" x=\"2000\" y=\"3304\">\n3\n</text>\n<path d=\"M2729.6667,3089.8 L2729.6667,3262 L2147,3262\" fill=\"none\" opacity=\"1\" stroke=\"black\" stroke-width=\"20\"/>\n<text fill=\"black\" font-size=\"210px\" font-weight=\"bold\" opacity=\"1\" x=\"1333.3334\" y=\"3556\">\n2\n</text>\n<path d=\"M2063,3341.8 L2063,3514 L1480.3334,3514\" fill=\"none\" opacity=\"1\" stroke=\"black\" stroke-width=\"20\"/>\n<text fill=\"black\" font-size=\"210px\" font-weight=\"bold\" opacity=\"1\" x=\"666.6667\" y=\"3808\">\n1\n</text>\n<path d=\"M1396.3334,3593.8 L1396.3334,3766 L813.6667,3766\" fill=\"none\" opacity=\"1\" stroke=\"black\" stroke-width=\"20\"/>\n<text fill=\"black\" font-size=\"210px\" font-weight=\"bold\" opacity=\"1\" x=\"666.6667\" y=\"3808\">\n1\n</text>\n<text fill=\"black\" font-size=\"210px\" font-weight=\"bold\" opacity=\"1\" x=\"2000\" y=\"3808\">\n1\n</text>\n<path d=\"M1396.3334,3593.8 L1396.3334,3766 L1979,3766\" fill=\"none\" opacity=\"1\" stroke=\"black\" stroke-width=\"20\"/>\n<text fill=\"black\" font-size=\"210px\" font-weight=\"bold\" opacity=\"1\" x=\"2000\" y=\"3808\">\n1\n</text>\n<text fill=\"black\" font-size=\"210px\" font-weight=\"bold\" opacity=\"1\" x=\"3333.3335\" y=\"3556\">\n1\n</text>\n<path d=\"M2063,3341.8 L2063,3514 L3312.3335,3514\" fill=\"none\" opacity=\"1\" stroke=\"black\" stroke-width=\"20\"/>\n<text fill=\"black\" font-size=\"210px\" font-weight=\"bold\" opacity=\"1\" x=\"3333.3335\" y=\"3556\">\n1\n</text>\n<text fill=\"black\" font-size=\"210px\" font-weight=\"bold\" opacity=\"1\" x=\"4666.667\" y=\"3304\">\n1\n</text>\n<path d=\"M2729.6667,3089.8 L2729.6667,3262 L4645.667,3262\" fill=\"none\" opacity=\"1\" stroke=\"black\" stroke-width=\"20\"/>\n<text fill=\"black\" font-size=\"210px\" font-weight=\"bold\" opacity=\"1\" x=\"4666.667\" y=\"3304\">\n1\n</text>\n<text fill=\"black\" font-size=\"210px\" font-weight=\"bold\" opacity=\"1\" x=\"6000\" y=\"3052\">\n1\n</text>\n<path d=\"M3396.3333,2837.8 L3396.3333,3010 L5979,3010\" fill=\"none\" opacity=\"1\" stroke=\"black\" stroke-width=\"20\"/>\n<text fill=\"black\" font-size=\"210px\" font-weight=\"bold\" opacity=\"1\" x=\"6000\" y=\"3052\">\n1\n</text>\n<text fill=\"black\" font-size=\"210px\" font-weight=\"bold\" opacity=\"1\" x=\"7333.333\" y=\"2800\">\n1\n</text>\n<path d=\"M4063,2585.8 L4063,2758 L7312.333,2758\" fill=\"none\" opacity=\"1\" stroke=\"black\" stroke-width=\"20\"/>\n<text fill=\"black\" font-size=\"210px\" font-weight=\"bold\" opacity=\"1\" x=\"7333.333\" y=\"2800\">\n1\n</text>\n<text fill=\"black\" font-size=\"210px\" font-weight=\"bold\" opacity=\"1\" x=\"8666.666\" y=\"2548\">\n1\n</text>\n<path d=\"M4729.6665,2333.8 L4729.6665,2506 L8645.666,2506\" fill=\"none\" opacity=\"1\" stroke=\"black\" stroke-width=\"20\"/>\n<text fill=\"black\" font-size=\"210px\" font-weight=\"bold\" opacity=\"1\" x=\"8666.666\" y=\"2548\">\n1\n</text>\n<text fill=\"black\" font-size=\"210px\" font-weight=\"bold\" opacity=\"1\" x=\"10000\" y=\"2296\">\n1\n</text>\n<path d=\"M5396.333,2081.8 L5396.333,2254 L9979,2254\" fill=\"none\" opacity=\"1\" stroke=\"black\" stroke-width=\"20\"/>\n<text fill=\"black\" font-size=\"210px\" font-weight=\"bold\" opacity=\"1\" x=\"10000\" y=\"2296\">\n1\n</text>\n<text fill=\"black\" font-size=\"210px\" font-weight=\"bold\" opacity=\"1\" x=\"11333.332\" y=\"2044\">\n1\n</text>\n<path d=\"M6062.9995,1829.8 L6062.9995,2002 L11312.332,2002\" fill=\"none\" opacity=\"1\" stroke=\"black\" stroke-width=\"20\"/>\n<text fill=\"black\" font-size=\"210px\" font-weight=\"bold\" opacity=\"1\" x=\"11333.332\" y=\"2044\">\n1\n</text>\n<text fill=\"black\" font-size=\"210px\" font-weight=\"bold\" opacity=\"1\" x=\"12666.666\" y=\"1792\">\n1\n</text>\n<path d=\"M6876.6665,1577.8 L6876.6665,1750 L12645.666,1750\" fill=\"none\" opacity=\"1\" stroke=\"black\" stroke-width=\"20\"/>\n<text fill=\"black\" font-size=\"210px\" font-weight=\"bold\" opacity=\"1\" x=\"12666.666\" y=\"1792\">\n1\n</text>\n<text fill=\"black\" font-size=\"210px\" font-weight=\"bold\" opacity=\"1\" x=\"14000\" y=\"1540\">\n1\n</text>\n<path d=\"M7543.333,1325.8 L7543.333,1498 L13979,1498\" fill=\"none\" opacity=\"1\" stroke=\"black\" stroke-width=\"20\"/>\n<text fill=\"black\" font-size=\"210px\" font-weight=\"bold\" opacity=\"1\" x=\"14000\" y=\"1540\">\n1\n</text>\n<text fill=\"black\" font-size=\"210px\" font-weight=\"bold\" opacity=\"1\" x=\"15333.332\" y=\"1288\">\n1\n</text>\n<path d=\"M8210,1073.8 L8210,1246 L15312.332,1246\" fill=\"none\" opacity=\"1\" stroke=\"black\" stroke-width=\"20\"/>\n<text fill=\"black\" font-size=\"210px\" font-weight=\"bold\" opacity=\"1\" x=\"15333.332\" y=\"1288\">\n1\n</text>\n<text fill=\"black\" font-size=\"210px\" font-weight=\"bold\" opacity=\"1\" x=\"16666.666\" y=\"1036\">\n1\n</text>\n<path d=\"M8876.666,821.8 L8876.666,994 L16645.666,994\" fill=\"none\" opacity=\"1\" stroke=\"black\" stroke-width=\"20\"/>\n<text fill=\"black\" font-size=\"210px\" font-weight=\"bold\" opacity=\"1\" x=\"16666.666\" y=\"1036\">\n1\n</text>\n<text fill=\"black\" font-size=\"210px\" font-weight=\"bold\" opacity=\"1\" x=\"18000\" y=\"784\">\n1\n</text>\n<path d=\"M9543.333,569.8 L9543.333,742 L17979,742\" fill=\"none\" opacity=\"1\" stroke=\"black\" stroke-width=\"20\"/>\n<text fill=\"black\" font-size=\"210px\" font-weight=\"bold\" opacity=\"1\" x=\"18000\" y=\"784\">\n1\n</text>\n<text fill=\"black\" font-size=\"210px\" font-weight=\"bold\" opacity=\"1\" x=\"19333.332\" y=\"532\">\n1\n</text>\n<path d=\"M10210,317.8 L10210,490 L19312.332,490\" fill=\"none\" opacity=\"1\" stroke=\"black\" stroke-width=\"20\"/>\n<text fill=\"black\" font-size=\"210px\" font-weight=\"bold\" opacity=\"1\" x=\"19333.332\" y=\"532\">\n1\n</text>\n</svg>"

