---
source: haptk/tests/test_bhst.rs
expression: res
---
"<svg style=\"background-color:white\" viewBox=\"0 0 10000 8000\" xmlns=\"http://www.w3.org/2000/svg\">\n<text fill=\"black\" font-size=\"50px\" font-weight=\"bold\" opacity=\"1\" x=\"5000\" y=\"160\">\n13\n</text>\n<text fill=\"black\" font-size=\"50px\" font-weight=\"bold\" opacity=\"1\" x=\"4615.385\" y=\"220\">\n12\n</text>\n<path d=\"M5050,169 L5050,210 L4677.885,210\" fill=\"none\" opacity=\"1\" stroke=\"black\" stroke-width=\"10\"/>\n<text fill=\"black\" font-size=\"50px\" font-weight=\"bold\" opacity=\"1\" x=\"4230.7695\" y=\"280\">\n11\n</text>\n<path d=\"M4665.385,229 L4665.385,270 L4293.2695,270\" fill=\"none\" opacity=\"1\" stroke=\"black\" stroke-width=\"10\"/>\n<text fill=\"black\" font-size=\"50px\" font-weight=\"bold\" opacity=\"1\" x=\"3846.1543\" y=\"340\">\n10\n</text>\n<path d=\"M4280.7695,289 L4280.7695,330 L3908.6543,330\" fill=\"none\" opacity=\"1\" stroke=\"black\" stroke-width=\"10\"/>\n<text fill=\"black\" font-size=\"50px\" font-weight=\"bold\" opacity=\"1\" x=\"3461.5388\" y=\"400\">\n9\n</text>\n<path d=\"M3896.1543,349 L3896.1543,390 L3496.5388,390\" fill=\"none\" opacity=\"1\" stroke=\"black\" stroke-width=\"10\"/>\n<text fill=\"black\" font-size=\"50px\" font-weight=\"bold\" opacity=\"1\" x=\"3076.9233\" y=\"460\">\n8\n</text>\n<path d=\"M3476.5388,409 L3476.5388,450 L3111.9233,450\" fill=\"none\" opacity=\"1\" stroke=\"black\" stroke-width=\"10\"/>\n<text fill=\"black\" font-size=\"50px\" font-weight=\"bold\" opacity=\"1\" x=\"2692.3079\" y=\"520\">\n7\n</text>\n<path d=\"M3091.9233,469 L3091.9233,510 L2727.3079,510\" fill=\"none\" opacity=\"1\" stroke=\"black\" stroke-width=\"10\"/>\n<text fill=\"black\" font-size=\"50px\" font-weight=\"bold\" opacity=\"1\" x=\"2307.6924\" y=\"580\">\n6\n</text>\n<path d=\"M2707.3079,529 L2707.3079,570 L2342.6924,570\" fill=\"none\" opacity=\"1\" stroke=\"black\" stroke-width=\"10\"/>\n<text fill=\"black\" font-size=\"50px\" font-weight=\"bold\" opacity=\"1\" x=\"1923.0769\" y=\"640\">\n5\n</text>\n<path d=\"M2322.6924,589 L2322.6924,630 L1958.0769,630\" fill=\"none\" opacity=\"1\" stroke=\"black\" stroke-width=\"10\"/>\n<text fill=\"black\" font-size=\"50px\" font-weight=\"bold\" opacity=\"1\" x=\"1538.4615\" y=\"700\">\n4\n</text>\n<path d=\"M1938.0769,649 L1938.0769,690 L1573.4615,690\" fill=\"none\" opacity=\"1\" stroke=\"black\" stroke-width=\"10\"/>\n<text fill=\"black\" font-size=\"50px\" font-weight=\"bold\" opacity=\"1\" x=\"1153.8462\" y=\"760\">\n3\n</text>\n<path d=\"M1553.4615,709 L1553.4615,750 L1188.8462,750\" fill=\"none\" opacity=\"1\" stroke=\"black\" stroke-width=\"10\"/>\n<text fill=\"black\" font-size=\"50px\" font-weight=\"bold\" opacity=\"1\" x=\"769.23083\" y=\"820\">\n2\n</text>\n<path d=\"M1168.8462,769 L1168.8462,810 L804.23083,810\" fill=\"none\" opacity=\"1\" stroke=\"black\" stroke-width=\"10\"/>\n<text fill=\"black\" font-size=\"50px\" font-weight=\"bold\" opacity=\"1\" x=\"384.61542\" y=\"880\">\n1\n</text>\n<path d=\"M784.23083,829 L784.23083,870 L419.61542,870\" fill=\"none\" opacity=\"1\" stroke=\"black\" stroke-width=\"10\"/>\n<text fill=\"black\" font-size=\"50px\" font-weight=\"bold\" opacity=\"1\" x=\"384.61542\" y=\"880\">\n1\n</text>\n<text fill=\"black\" font-size=\"50px\" font-weight=\"bold\" opacity=\"1\" x=\"1153.8462\" y=\"880\">\n1\n</text>\n<path d=\"M784.23083,829 L784.23083,870 L1148.8462,870\" fill=\"none\" opacity=\"1\" stroke=\"black\" stroke-width=\"10\"/>\n<text fill=\"black\" font-size=\"50px\" font-weight=\"bold\" opacity=\"1\" x=\"1153.8462\" y=\"880\">\n1\n</text>\n<text fill=\"black\" font-size=\"50px\" font-weight=\"bold\" opacity=\"1\" x=\"1923.077\" y=\"820\">\n1\n</text>\n<path d=\"M1168.8462,769 L1168.8462,810 L1918.077,810\" fill=\"none\" opacity=\"1\" stroke=\"black\" stroke-width=\"10\"/>\n<text fill=\"black\" font-size=\"50px\" font-weight=\"bold\" opacity=\"1\" x=\"1923.077\" y=\"820\">\n1\n</text>\n<text fill=\"black\" font-size=\"50px\" font-weight=\"bold\" opacity=\"1\" x=\"2692.3076\" y=\"760\">\n1\n</text>\n<path d=\"M1553.4615,709 L1553.4615,750 L2687.3076,750\" fill=\"none\" opacity=\"1\" stroke=\"black\" stroke-width=\"10\"/>\n<text fill=\"black\" font-size=\"50px\" font-weight=\"bold\" opacity=\"1\" x=\"2692.3076\" y=\"760\">\n1\n</text>\n<text fill=\"black\" font-size=\"50px\" font-weight=\"bold\" opacity=\"1\" x=\"3461.5386\" y=\"700\">\n1\n</text>\n<path d=\"M1938.0769,649 L1938.0769,690 L3456.5386,690\" fill=\"none\" opacity=\"1\" stroke=\"black\" stroke-width=\"10\"/>\n<text fill=\"black\" font-size=\"50px\" font-weight=\"bold\" opacity=\"1\" x=\"3461.5386\" y=\"700\">\n1\n</text>\n<text fill=\"black\" font-size=\"50px\" font-weight=\"bold\" opacity=\"1\" x=\"4230.7695\" y=\"640\">\n1\n</text>\n<path d=\"M2322.6924,589 L2322.6924,630 L4225.7695,630\" fill=\"none\" opacity=\"1\" stroke=\"black\" stroke-width=\"10\"/>\n<text fill=\"black\" font-size=\"50px\" font-weight=\"bold\" opacity=\"1\" x=\"4230.7695\" y=\"640\">\n1\n</text>\n<text fill=\"black\" font-size=\"50px\" font-weight=\"bold\" opacity=\"1\" x=\"5000\" y=\"580\">\n1\n</text>\n<path d=\"M2707.3079,529 L2707.3079,570 L4995,570\" fill=\"none\" opacity=\"1\" stroke=\"black\" stroke-width=\"10\"/>\n<text fill=\"black\" font-size=\"50px\" font-weight=\"bold\" opacity=\"1\" x=\"5000\" y=\"580\">\n1\n</text>\n<text fill=\"black\" font-size=\"50px\" font-weight=\"bold\" opacity=\"1\" x=\"5769.2314\" y=\"520\">\n1\n</text>\n<path d=\"M3091.9233,469 L3091.9233,510 L5764.2314,510\" fill=\"none\" opacity=\"1\" stroke=\"black\" stroke-width=\"10\"/>\n<text fill=\"black\" font-size=\"50px\" font-weight=\"bold\" opacity=\"1\" x=\"5769.2314\" y=\"520\">\n1\n</text>\n<text fill=\"black\" font-size=\"50px\" font-weight=\"bold\" opacity=\"1\" x=\"6538.462\" y=\"460\">\n1\n</text>\n<path d=\"M3476.5388,409 L3476.5388,450 L6533.462,450\" fill=\"none\" opacity=\"1\" stroke=\"black\" stroke-width=\"10\"/>\n<text fill=\"black\" font-size=\"50px\" font-weight=\"bold\" opacity=\"1\" x=\"6538.462\" y=\"460\">\n1\n</text>\n<text fill=\"black\" font-size=\"50px\" font-weight=\"bold\" opacity=\"1\" x=\"7307.6934\" y=\"400\">\n1\n</text>\n<path d=\"M3896.1543,349 L3896.1543,390 L7302.6934,390\" fill=\"none\" opacity=\"1\" stroke=\"black\" stroke-width=\"10\"/>\n<text fill=\"black\" font-size=\"50px\" font-weight=\"bold\" opacity=\"1\" x=\"7307.6934\" y=\"400\">\n1\n</text>\n<text fill=\"black\" font-size=\"50px\" font-weight=\"bold\" opacity=\"1\" x=\"8076.924\" y=\"340\">\n1\n</text>\n<path d=\"M4280.7695,289 L4280.7695,330 L8071.924,330\" fill=\"none\" opacity=\"1\" stroke=\"black\" stroke-width=\"10\"/>\n<text fill=\"black\" font-size=\"50px\" font-weight=\"bold\" opacity=\"1\" x=\"8076.924\" y=\"340\">\n1\n</text>\n<text fill=\"black\" font-size=\"50px\" font-weight=\"bold\" opacity=\"1\" x=\"8846.154\" y=\"280\">\n1\n</text>\n<path d=\"M4665.385,229 L4665.385,270 L8841.154,270\" fill=\"none\" opacity=\"1\" stroke=\"black\" stroke-width=\"10\"/>\n<text fill=\"black\" font-size=\"50px\" font-weight=\"bold\" opacity=\"1\" x=\"8846.154\" y=\"280\">\n1\n</text>\n<text fill=\"black\" font-size=\"50px\" font-weight=\"bold\" opacity=\"1\" x=\"9615.385\" y=\"220\">\n1\n</text>\n<path d=\"M5050,169 L5050,210 L9610.385,210\" fill=\"none\" opacity=\"1\" stroke=\"black\" stroke-width=\"10\"/>\n<text fill=\"black\" font-size=\"50px\" font-weight=\"bold\" opacity=\"1\" x=\"9615.385\" y=\"220\">\n1\n</text>\n</svg>"

