---
source: haptk/tests/test_compare_hst.rs
expression: hst_string
---
"{\"hst\":{\"nodes\":[{\"indexes\":[],\"start\":{\"contig\":\"chr9\",\"pos\":32,\"ref\":\"G\",\"alt\":\"T\"},\"stop\":{\"contig\":\"chr9\",\"pos\":32,\"ref\":\"G\",\"alt\":\"T\"},\"haplotype\":[]},{\"indexes\":[1,3,5,7,9,11,13,15,17,19,21,23,25,26,27],\"start\":{\"contig\":\"chr9\",\"pos\":32,\"ref\":\"G\",\"alt\":\"T\"},\"stop\":{\"contig\":\"chr9\",\"pos\":32,\"ref\":\"G\",\"alt\":\"T\"},\"haplotype\":[1]},{\"indexes\":[0,2,4,6,8,10,12,14,16,18,20,22,24],\"start\":{\"contig\":\"chr9\",\"pos\":32,\"ref\":\"G\",\"alt\":\"T\"},\"stop\":{\"contig\":\"chr9\",\"pos\":32,\"ref\":\"G\",\"alt\":\"T\"},\"haplotype\":[0]},{\"indexes\":[1,3,5,7,9,11,13,15,17,19,21,23,25,27],\"start\":{\"contig\":\"chr9\",\"pos\":17,\"ref\":\"A\",\"alt\":\"C\"},\"stop\":{\"contig\":\"chr9\",\"pos\":47,\"ref\":\"A\",\"alt\":\"C\"},\"haplotype\":[0,0,0,0,0,0,0,0,0,0,0,0,0,0,0,1,0,0,0,0,0,0,0,0,0,0,0,0,0,0,0]},{\"indexes\":[2,4,6,8,10,12,14,16,18,20,22,24],\"start\":{\"contig\":\"chr9\",\"pos\":30,\"ref\":\"G\",\"alt\":\"T\"},\"stop\":{\"contig\":\"chr9\",\"pos\":34,\"ref\":\"G\",\"alt\":\"T\"},\"haplotype\":[0,0,0,0,0]},{\"indexes\":[26],\"start\":{\"contig\":\"chr9\",\"pos\":17,\"ref\":\"A\",\"alt\":\"C\"},\"stop\":{\"contig\":\"chr9\",\"pos\":47,\"ref\":\"A\",\"alt\":\"C\"},\"haplotype\":[1,0,0,0,0,0,0,0,0,0,0,0,0,0,0,1,0,0,0,0,0,0,0,0,0,0,0,0,0,0,1]},{\"indexes\":[0],\"start\":{\"contig\":\"chr9\",\"pos\":30,\"ref\":\"G\",\"alt\":\"T\"},\"stop\":{\"contig\":\"chr9\",\"pos\":34,\"ref\":\"G\",\"alt\":\"T\"},\"haplotype\":[1,0,0,0,1]},{\"indexes\":[3,5,7,9,11,13,15,17,19,21,23,25,27],\"start\":{\"contig\":\"chr9\",\"pos\":16,\"ref\":\"G\",\"alt\":\"T\"},\"stop\":{\"contig\":\"chr9\",\"pos\":48,\"ref\":\"G\",\"alt\":\"T\"},\"haplotype\":[0,0,0,0,0,0,0,0,0,0,0,0,0,0,0,0,1,0,0,0,0,0,0,0,0,0,0,0,0,0,0,0,0]},{\"indexes\":[1],\"start\":{\"contig\":\"chr9\",\"pos\":16,\"ref\":\"G\",\"alt\":\"T\"},\"stop\":{\"contig\":\"chr9\",\"pos\":48,\"ref\":\"G\",\"alt\":\"T\"},\"haplotype\":[1,0,0,0,0,0,0,0,0,0,0,0,0,0,0,0,1,0,0,0,0,0,0,0,0,0,0,0,0,0,0,0,1]},{\"indexes\":[4,6,8,10,12,14,16,18,20,22,24],\"start\":{\"contig\":\"chr9\",\"pos\":29,\"ref\":\"A\",\"alt\":\"C\"},\"stop\":{\"contig\":\"chr9\",\"pos\":35,\"ref\":\"A\",\"alt\":\"C\"},\"haplotype\":[0,0,0,0,0,0,0]},{\"indexes\":[2],\"start\":{\"contig\":\"chr9\",\"pos\":29,\"ref\":\"A\",\"alt\":\"C\"},\"stop\":{\"contig\":\"chr9\",\"pos\":35,\"ref\":\"A\",\"alt\":\"C\"},\"haplotype\":[1,0,0,0,0,0,1]},{\"indexes\":[5,7,9,11,13,15,17,19,21,23,25,27],\"start\":{\"contig\":\"chr9\",\"pos\":15,\"ref\":\"A\",\"alt\":\"C\"},\"stop\":{\"contig\":\"chr9\",\"pos\":49,\"ref\":\"A\",\"alt\":\"C\"},\"haplotype\":[0,0,0,0,0,0,0,0,0,0,0,0,0,0,0,0,0,1,0,0,0,0,0,0,0,0,0,0,0,0,0,0,0,0,0]},{\"indexes\":[3],\"start\":{\"contig\":\"chr9\",\"pos\":15,\"ref\":\"A\",\"alt\":\"C\"},\"stop\":{\"contig\":\"chr9\",\"pos\":49,\"ref\":\"A\",\"alt\":\"C\"},\"haplotype\":[1,0,0,0,0,0,0,0,0,0,0,0,0,0,0,0,0,1,0,0,0,0,0,0,0,0,0,0,0,0,0,0,0,0,1]},{\"indexes\":[6,8,10,12,14,16,18,20,22,24],\"start\":{\"contig\":\"chr9\",\"pos\":28,\"ref\":\"G\",\"alt\":\"T\"},\"stop\":{\"contig\":\"chr9\",\"pos\":36,\"ref\":\"G\",\"alt\":\"T\"},\"haplotype\":[0,0,0,0,0,0,0,0,0]},{\"indexes\":[4],\"start\":{\"contig\":\"chr9\",\"pos\":28,\"ref\":\"G\",\"alt\":\"T\"},\"stop\":{\"contig\":\"chr9\",\"pos\":36,\"ref\":\"G\",\"alt\":\"T\"},\"haplotype\":[1,0,0,0,0,0,0,0,1]},{\"indexes\":[7,9,11,13,15,17,19,21,23,25,27],\"start\":{\"contig\":\"chr9\",\"pos\":14,\"ref\":\"G\",\"alt\":\"T\"},\"stop\":{\"contig\":\"chr9\",\"pos\":50,\"ref\":\"G\",\"alt\":\"T\"},\"haplotype\":[0,0,0,0,0,0,0,0,0,0,0,0,0,0,0,0,0,0,1,0,0,0,0,0,0,0,0,0,0,0,0,0,0,0,0,0,0]},{\"indexes\":[5],\"start\":{\"contig\":\"chr9\",\"pos\":14,\"ref\":\"G\",\"alt\":\"T\"},\"stop\":{\"contig\":\"chr9\",\"pos\":50,\"ref\":\"G\",\"alt\":\"T\"},\"haplotype\":[1,0,0,0,0,0,0,0,0,0,0,0,0,0,0,0,0,0,1,0,0,0,0,0,0,0,0,0,0,0,0,0,0,0,0,0,1]},{\"indexes\":[8,10,12,14,16,18,20,22,24],\"start\":{\"contig\":\"chr9\",\"pos\":27,\"ref\":\"A\",\"alt\":\"C\"},\"stop\":{\"contig\":\"chr9\",\"pos\":37,\"ref\":\"A\",\"alt\":\"C\"},\"haplotype\":[0,0,0,0,0,0,0,0,0,0,0]},{\"indexes\":[6],\"start\":{\"contig\":\"chr9\",\"pos\":27,\"ref\":\"A\",\"alt\":\"C\"},\"stop\":{\"contig\":\"chr9\",\"pos\":37,\"ref\":\"A\",\"alt\":\"C\"},\"haplotype\":[1,0,0,0,0,0,0,0,0,0,1]},{\"indexes\":[9,11,13,15,17,19,21,23,25,27],\"start\":{\"contig\":\"chr9\",\"pos\":13,\"ref\":\"A\",\"alt\":\"C\"},\"stop\":{\"contig\":\"chr9\",\"pos\":51,\"ref\":\"A\",\"alt\":\"C\"},\"haplotype\":[0,0,0,0,0,0,0,0,0,0,0,0,0,0,0,0,0,0,0,1,0,0,0,0,0,0,0,0,0,0,0,0,0,0,0,0,0,0,0]},{\"indexes\":[7],\"start\":{\"contig\":\"chr9\",\"pos\":13,\"ref\":\"A\",\"alt\":\"C\"},\"stop\":{\"contig\":\"chr9\",\"pos\":51,\"ref\":\"A\",\"alt\":\"C\"},\"haplotype\":[1,0,0,0,0,0,0,0,0,0,0,0,0,0,0,0,0,0,0,1,0,0,0,0,0,0,0,0,0,0,0,0,0,0,0,0,0,0,1]},{\"indexes\":[10,12,14,16,18,20,22,24],\"start\":{\"contig\":\"chr9\",\"pos\":26,\"ref\":\"G\",\"alt\":\"T\"},\"stop\":{\"contig\":\"chr9\",\"pos\":38,\"ref\":\"G\",\"alt\":\"T\"},\"haplotype\":[0,0,0,0,0,0,0,0,0,0,0,0,0]},{\"indexes\":[8],\"start\":{\"contig\":\"chr9\",\"pos\":26,\"ref\":\"G\",\"alt\":\"T\"},\"stop\":{\"contig\":\"chr9\",\"pos\":38,\"ref\":\"G\",\"alt\":\"T\"},\"haplotype\":[1,0,0,0,0,0,0,0,0,0,0,0,1]},{\"indexes\":[12,14,16,18,20,22,24],\"start\":{\"contig\":\"chr9\",\"pos\":25,\"ref\":\"A\",\"alt\":\"C\"},\"stop\":{\"contig\":\"chr9\",\"pos\":39,\"ref\":\"A\",\"alt\":\"C\"},\"haplotype\":[0,0,0,0,0,0,0,0,0,0,0,0,0,0,0]},{\"indexes\":[11,13,15,17,19,21,23,25,27],\"start\":{\"contig\":\"chr9\",\"pos\":12,\"ref\":\"G\",\"alt\":\"T\"},\"stop\":{\"contig\":\"chr9\",\"pos\":52,\"ref\":\"G\",\"alt\":\"T\"},\"haplotype\":[0,0,0,0,0,0,0,0,0,0,0,0,0,0,0,0,0,0,0,0,1,0,0,0,0,0,0,0,0,0,0,0,0,0,0,0,0,0,0,0,0]},{\"indexes\":[9],\"start\":{\"contig\":\"chr9\",\"pos\":12,\"ref\":\"G\",\"alt\":\"T\"},\"stop\":{\"contig\":\"chr9\",\"pos\":52,\"ref\":\"G\",\"alt\":\"T\"},\"haplotype\":[1,0,0,0,0,0,0,0,0,0,0,0,0,0,0,0,0,0,0,0,1,0,0,0,0,0,0,0,0,0,0,0,0,0,0,0,0,0,0,0,1]},{\"indexes\":[10],\"start\":{\"contig\":\"chr9\",\"pos\":25,\"ref\":\"A\",\"alt\":\"C\"},\"stop\":{\"contig\":\"chr9\",\"pos\":39,\"ref\":\"A\",\"alt\":\"C\"},\"haplotype\":[1,0,0,0,0,0,0,0,0,0,0,0,0,0,1]},{\"indexes\":[14,16,18,20,22,24],\"start\":{\"contig\":\"chr9\",\"pos\":24,\"ref\":\"G\",\"alt\":\"T\"},\"stop\":{\"contig\":\"chr9\",\"pos\":40,\"ref\":\"G\",\"alt\":\"T\"},\"haplotype\":[0,0,0,0,0,0,0,0,0,0,0,0,0,0,0,0,0]},{\"indexes\":[12],\"start\":{\"contig\":\"chr9\",\"pos\":24,\"ref\":\"G\",\"alt\":\"T\"},\"stop\":{\"contig\":\"chr9\",\"pos\":40,\"ref\":\"G\",\"alt\":\"T\"},\"haplotype\":[1,0,0,0,0,0,0,0,0,0,0,0,0,0,0,0,1]},{\"indexes\":[13,15,17,19,21,23,25,27],\"start\":{\"contig\":\"chr9\",\"pos\":11,\"ref\":\"A\",\"alt\":\"C\"},\"stop\":{\"contig\":\"chr9\",\"pos\":53,\"ref\":\"A\",\"alt\":\"C\"},\"haplotype\":[0,0,0,0,0,0,0,0,0,0,0,0,0,0,0,0,0,0,0,0,0,1,0,0,0,0,0,0,0,0,0,0,0,0,0,0,0,0,0,0,0,0,0]},{\"indexes\":[11],\"start\":{\"contig\":\"chr9\",\"pos\":11,\"ref\":\"A\",\"alt\":\"C\"},\"stop\":{\"contig\":\"chr9\",\"pos\":53,\"ref\":\"A\",\"alt\":\"C\"},\"haplotype\":[1,0,0,0,0,0,0,0,0,0,0,0,0,0,0,0,0,0,0,0,0,1,0,0,0,0,0,0,0,0,0,0,0,0,0,0,0,0,0,0,0,0,1]},{\"indexes\":[16,18,20,22,24],\"start\":{\"contig\":\"chr9\",\"pos\":23,\"ref\":\"A\",\"alt\":\"C\"},\"stop\":{\"contig\":\"chr9\",\"pos\":41,\"ref\":\"A\",\"alt\":\"C\"},\"haplotype\":[0,0,0,0,0,0,0,0,0,0,0,0,0,0,0,0,0,0,0]},{\"indexes\":[14],\"start\":{\"contig\":\"chr9\",\"pos\":23,\"ref\":\"A\",\"alt\":\"C\"},\"stop\":{\"contig\":\"chr9\",\"pos\":41,\"ref\":\"A\",\"alt\":\"C\"},\"haplotype\":[1,0,0,0,0,0,0,0,0,0,0,0,0,0,0,0,0,0,1]},{\"indexes\":[15,17,19,21,23,25,27],\"start\":{\"contig\":\"chr9\",\"pos\":10,\"ref\":\"G\",\"alt\":\"T\"},\"stop\":{\"contig\":\"chr9\",\"pos\":54,\"ref\":\"G\",\"alt\":\"T\"},\"haplotype\":[0,0,0,0,0,0,0,0,0,0,0,0,0,0,0,0,0,0,0,0,0,0,1,0,0,0,0,0,0,0,0,0,0,0,0,0,0,0,0,0,0,0,0,0,0]},{\"indexes\":[13],\"start\":{\"contig\":\"chr9\",\"pos\":10,\"ref\":\"G\",\"alt\":\"T\"},\"stop\":{\"contig\":\"chr9\",\"pos\":54,\"ref\":\"G\",\"alt\":\"T\"},\"haplotype\":[1,0,0,0,0,0,0,0,0,0,0,0,0,0,0,0,0,0,0,0,0,0,1,0,0,0,0,0,0,0,0,0,0,0,0,0,0,0,0,0,0,0,0,0,1]},{\"indexes\":[18,20,22,24],\"start\":{\"contig\":\"chr9\",\"pos\":22,\"ref\":\"G\",\"alt\":\"T\"},\"stop\":{\"contig\":\"chr9\",\"pos\":42,\"ref\":\"G\",\"alt\":\"T\"},\"haplotype\":[0,0,0,0,0,0,0,0,0,0,0,0,0,0,0,0,0,0,0,0,0]},{\"indexes\":[16],\"start\":{\"contig\":\"chr9\",\"pos\":22,\"ref\":\"G\",\"alt\":\"T\"},\"stop\":{\"contig\":\"chr9\",\"pos\":42,\"ref\":\"G\",\"alt\":\"T\"},\"haplotype\":[1,0,0,0,0,0,0,0,0,0,0,0,0,0,0,0,0,0,0,0,1]},{\"indexes\":[17,19,21,23,25,27],\"start\":{\"contig\":\"chr9\",\"pos\":9,\"ref\":\"A\",\"alt\":\"C\"},\"stop\":{\"contig\":\"chr9\",\"pos\":55,\"ref\":\"A\",\"alt\":\"C\"},\"haplotype\":[0,0,0,0,0,0,0,0,0,0,0,0,0,0,0,0,0,0,0,0,0,0,0,1,0,0,0,0,0,0,0,0,0,0,0,0,0,0,0,0,0,0,0,0,0,0,0]},{\"indexes\":[15],\"start\":{\"contig\":\"chr9\",\"pos\":9,\"ref\":\"A\",\"alt\":\"C\"},\"stop\":{\"contig\":\"chr9\",\"pos\":55,\"ref\":\"A\",\"alt\":\"C\"},\"haplotype\":[1,0,0,0,0,0,0,0,0,0,0,0,0,0,0,0,0,0,0,0,0,0,0,1,0,0,0,0,0,0,0,0,0,0,0,0,0,0,0,0,0,0,0,0,0,0,1]},{\"indexes\":[20,22,24],\"start\":{\"contig\":\"chr9\",\"pos\":21,\"ref\":\"A\",\"alt\":\"C\"},\"stop\":{\"contig\":\"chr9\",\"pos\":43,\"ref\":\"A\",\"alt\":\"C\"},\"haplotype\":[0,0,0,0,0,0,0,0,0,0,0,0,0,0,0,0,0,0,0,0,0,0,0]},{\"indexes\":[18],\"start\":{\"contig\":\"chr9\",\"pos\":21,\"ref\":\"A\",\"alt\":\"C\"},\"stop\":{\"contig\":\"chr9\",\"pos\":43,\"ref\":\"A\",\"alt\":\"C\"},\"haplotype\":[1,0,0,0,0,0,0,0,0,0,0,0,0,0,0,0,0,0,0,0,0,0,1]},{\"indexes\":[19,21,23,25,27],\"start\":{\"contig\":\"chr9\",\"pos\":8,\"ref\":\"G\",\"alt\":\"T\"},\"stop\":{\"contig\":\"chr9\",\"pos\":56,\"ref\":\"G\",\"alt\":\"T\"},\"haplotype\":[0,0,0,0,0,0,0,0,0,0,0,0,0,0,0,0,0,0,0,0,0,0,0,0,1,0,0,0,0,0,0,0,0,0,0,0,0,0,0,0,0,0,0,0,0,0,0,0,0]},{\"indexes\":[17],\"start\":{\"contig\":\"chr9\",\"pos\":8,\"ref\":\"G\",\"alt\":\"T\"},\"stop\":{\"contig\":\"chr9\",\"pos\":56,\"ref\":\"G\",\"alt\":\"T\"},\"haplotype\":[1,0,0,0,0,0,0,0,0,0,0,0,0,0,0,0,0,0,0,0,0,0,0,0,1,0,0,0,0,0,0,0,0,0,0,0,0,0,0,0,0,0,0,0,0,0,0,0,1]},{\"indexes\":[22,24],\"start\":{\"contig\":\"chr9\",\"pos\":20,\"ref\":\"G\",\"alt\":\"T\"},\"stop\":{\"contig\":\"chr9\",\"pos\":44,\"ref\":\"G\",\"alt\":\"T\"},\"haplotype\":[0,0,0,0,0,0,0,0,0,0,0,0,0,0,0,0,0,0,0,0,0,0,0,0,0]},{\"indexes\":[20],\"start\":{\"contig\":\"chr9\",\"pos\":20,\"ref\":\"G\",\"alt\":\"T\"},\"stop\":{\"contig\":\"chr9\",\"pos\":44,\"ref\":\"G\",\"alt\":\"T\"},\"haplotype\":[1,0,0,0,0,0,0,0,0,0,0,0,0,0,0,0,0,0,0,0,0,0,0,0,1]},{\"indexes\":[21,23,25,27],\"start\":{\"contig\":\"chr9\",\"pos\":7,\"ref\":\"A\",\"alt\":\"C\"},\"stop\":{\"contig\":\"chr9\",\"pos\":57,\"ref\":\"A\",\"alt\":\"C\"},\"haplotype\":[0,0,0,0,0,0,0,0,0,0,0,0,0,0,0,0,0,0,0,0,0,0,0,0,0,1,0,0,0,0,0,0,0,0,0,0,0,0,0,0,0,0,0,0,0,0,0,0,0,0,0]},{\"indexes\":[19],\"start\":{\"contig\":\"chr9\",\"pos\":7,\"ref\":\"A\",\"alt\":\"C\"},\"stop\":{\"contig\":\"chr9\",\"pos\":57,\"ref\":\"A\",\"alt\":\"C\"},\"haplotype\":[1,0,0,0,0,0,0,0,0,0,0,0,0,0,0,0,0,0,0,0,0,0,0,0,0,1,0,0,0,0,0,0,0,0,0,0,0,0,0,0,0,0,0,0,0,0,0,0,0,0,1]},{\"indexes\":[24],\"start\":{\"contig\":\"chr9\",\"pos\":19,\"ref\":\"A\",\"alt\":\"C\"},\"stop\":{\"contig\":\"chr9\",\"pos\":45,\"ref\":\"A\",\"alt\":\"C\"},\"haplotype\":[0,0,0,0,0,0,0,0,0,0,0,0,0,0,0,0,0,0,0,0,0,0,0,0,0,0,0]},{\"indexes\":[22],\"start\":{\"contig\":\"chr9\",\"pos\":19,\"ref\":\"A\",\"alt\":\"C\"},\"stop\":{\"contig\":\"chr9\",\"pos\":45,\"ref\":\"A\",\"alt\":\"C\"},\"haplotype\":[1,0,0,0,0,0,0,0,0,0,0,0,0,0,0,0,0,0,0,0,0,0,0,0,0,0,1]},{\"indexes\":[23,25,27],\"start\":{\"contig\":\"chr9\",\"pos\":6,\"ref\":\"G\",\"alt\":\"T\"},\"stop\":{\"contig\":\"chr9\",\"pos\":58,\"ref\":\"G\",\"alt\":\"T\"},\"haplotype\":[0,0,0,0,0,0,0,0,0,0,0,0,0,0,0,0,0,0,0,0,0,0,0,0,0,0,1,0,0,0,0,0,0,0,0,0,0,0,0,0,0,0,0,0,0,0,0,0,0,0,0,0,0]},{\"indexes\":[21],\"start\":{\"contig\":\"chr9\",\"pos\":6,\"ref\":\"G\",\"alt\":\"T\"},\"stop\":{\"contig\":\"chr9\",\"pos\":58,\"ref\":\"G\",\"alt\":\"T\"},\"haplotype\":[1,0,0,0,0,0,0,0,0,0,0,0,0,0,0,0,0,0,0,0,0,0,0,0,0,0,1,0,0,0,0,0,0,0,0,0,0,0,0,0,0,0,0,0,0,0,0,0,0,0,0,0,1]},{\"indexes\":[25,27],\"start\":{\"contig\":\"chr9\",\"pos\":5,\"ref\":\"A\",\"alt\":\"C\"},\"stop\":{\"contig\":\"chr9\",\"pos\":59,\"ref\":\"A\",\"alt\":\"C\"},\"haplotype\":[0,0,0,0,0,0,0,0,0,0,0,0,0,0,0,0,0,0,0,0,0,0,0,0,0,0,0,1,0,0,0,0,0,0,0,0,0,0,0,0,0,0,0,0,0,0,0,0,0,0,0,0,0,0,0]},{\"indexes\":[23],\"start\":{\"contig\":\"chr9\",\"pos\":5,\"ref\":\"A\",\"alt\":\"C\"},\"stop\":{\"contig\":\"chr9\",\"pos\":59,\"ref\":\"A\",\"alt\":\"C\"},\"haplotype\":[1,0,0,0,0,0,0,0,0,0,0,0,0,0,0,0,0,0,0,0,0,0,0,0,0,0,0,1,0,0,0,0,0,0,0,0,0,0,0,0,0,0,0,0,0,0,0,0,0,0,0,0,0,0,1]},{\"indexes\":[27],\"start\":{\"contig\":\"chr9\",\"pos\":4,\"ref\":\"G\",\"alt\":\"T\"},\"stop\":{\"contig\":\"chr9\",\"pos\":60,\"ref\":\"G\",\"alt\":\"T\"},\"haplotype\":[0,0,0,0,0,0,0,0,0,0,0,0,0,0,0,0,0,0,0,0,0,0,0,0,0,0,0,0,1,0,0,0,0,0,0,0,0,0,0,0,0,0,0,0,0,0,0,0,0,0,0,0,0,0,0,0,0]},{\"indexes\":[25],\"start\":{\"contig\":\"chr9\",\"pos\":4,\"ref\":\"G\",\"alt\":\"T\"},\"stop\":{\"contig\":\"chr9\",\"pos\":60,\"ref\":\"G\",\"alt\":\"T\"},\"haplotype\":[1,0,0,0,0,0,0,0,0,0,0,0,0,0,0,0,0,0,0,0,0,0,0,0,0,0,0,0,1,0,0,0,0,0,0,0,0,0,0,0,0,0,0,0,0,0,0,0,0,0,0,0,0,0,0,0,1]}],\"node_holes\":[],\"edge_property\":\"directed\",\"edges\":[[0,1,null],[0,2,null],[1,3,null],[2,4,null],[1,5,null],[2,6,null],[3,7,null],[3,8,null],[4,9,null],[4,10,null],[7,11,null],[7,12,null],[9,13,null],[9,14,null],[11,15,null],[11,16,null],[13,17,null],[13,18,null],[15,19,null],[15,20,null],[17,21,null],[17,22,null],[21,23,null],[19,24,null],[19,25,null],[21,26,null],[23,27,null],[23,28,null],[24,29,null],[24,30,null],[27,31,null],[27,32,null],[29,33,null],[29,34,null],[31,35,null],[31,36,null],[33,37,null],[33,38,null],[35,39,null],[35,40,null],[37,41,null],[37,42,null],[39,43,null],[39,44,null],[41,45,null],[41,46,null],[43,47,null],[43,48,null],[45,49,null],[45,50,null],[49,51,null],[49,52,null],[51,53,null],[51,54,null]]},\"metadata\":{\"start_coord\":{\"contig\":\"chr9\",\"pos\":32,\"ref\":\"G\",\"alt\":\"T\"},\"hst_type\":\"Bhst\",\"coords\":[{\"contig\":\"chr9\",\"pos\":1,\"ref\":\"A\",\"alt\":\"C\"},{\"contig\":\"chr9\",\"pos\":2,\"ref\":\"G\",\"alt\":\"T\"},{\"contig\":\"chr9\",\"pos\":3,\"ref\":\"A\",\"alt\":\"C\"},{\"contig\":\"chr9\",\"pos\":4,\"ref\":\"G\",\"alt\":\"T\"},{\"contig\":\"chr9\",\"pos\":5,\"ref\":\"A\",\"alt\":\"C\"},{\"contig\":\"chr9\",\"pos\":6,\"ref\":\"G\",\"alt\":\"T\"},{\"contig\":\"chr9\",\"pos\":7,\"ref\":\"A\",\"alt\":\"C\"},{\"contig\":\"chr9\",\"pos\":8,\"ref\":\"G\",\"alt\":\"T\"},{\"contig\":\"chr9\",\"pos\":9,\"ref\":\"A\",\"alt\":\"C\"},{\"contig\":\"chr9\",\"pos\":10,\"ref\":\"G\",\"alt\":\"T\"},{\"contig\":\"chr9\",\"pos\":11,\"ref\":\"A\",\"alt\":\"C\"},{\"contig\":\"chr9\",\"pos\":12,\"ref\":\"G\",\"alt\":\"T\"},{\"contig\":\"chr9\",\"pos\":13,\"ref\":\"A\",\"alt\":\"C\"},{\"contig\":\"chr9\",\"pos\":14,\"ref\":\"G\",\"alt\":\"T\"},{\"contig\":\"chr9\",\"pos\":15,\"ref\":\"A\",\"alt\":\"C\"},{\"contig\":\"chr9\",\"pos\":16,\"ref\":\"G\",\"alt\":\"T\"},{\"contig\":\"chr9\",\"pos\":17,\"ref\":\"A\",\"alt\":\"C\"},{\"contig\":\"chr9\",\"pos\":18,\"ref\":\"G\",\"alt\":\"T\"},{\"contig\":\"chr9\",\"pos\":19,\"ref\":\"A\",\"alt\":\"C\"},{\"contig\":\"chr9\",\"pos\":20,\"ref\":\"G\",\"alt\":\"T\"},{\"contig\":\"chr9\",\"pos\":21,\"ref\":\"A\",\"alt\":\"C\"},{\"contig\":\"chr9\",\"pos\":22,\"ref\":\"G\",\"alt\":\"T\"},{\"contig\":\"chr9\",\"pos\":23,\"ref\":\"A\",\"alt\":\"C\"},{\"contig\":\"chr9\",\"pos\":24,\"ref\":\"G\",\"alt\":\"T\"},{\"contig\":\"chr9\",\"pos\":25,\"ref\":\"A\",\"alt\":\"C\"},{\"contig\":\"chr9\",\"pos\":26,\"ref\":\"G\",\"alt\":\"T\"},{\"contig\":\"chr9\",\"pos\":27,\"ref\":\"A\",\"alt\":\"C\"},{\"contig\":\"chr9\",\"pos\":28,\"ref\":\"G\",\"alt\":\"T\"},{\"contig\":\"chr9\",\"pos\":29,\"ref\":\"A\",\"alt\":\"C\"},{\"contig\":\"chr9\",\"pos\":30,\"ref\":\"G\",\"alt\":\"T\"},{\"contig\":\"chr9\",\"pos\":31,\"ref\":\"A\",\"alt\":\"C\"},{\"contig\":\"chr9\",\"pos\":32,\"ref\":\"G\",\"alt\":\"T\"},{\"contig\":\"chr9\",\"pos\":33,\"ref\":\"A\",\"alt\":\"C\"},{\"contig\":\"chr9\",\"pos\":34,\"ref\":\"G\",\"alt\":\"T\"},{\"contig\":\"chr9\",\"pos\":35,\"ref\":\"A\",\"alt\":\"C\"},{\"contig\":\"chr9\",\"pos\":36,\"ref\":\"G\",\"alt\":\"T\"},{\"contig\":\"chr9\",\"pos\":37,\"ref\":\"A\",\"alt\":\"C\"},{\"contig\":\"chr9\",\"pos\":38,\"ref\":\"G\",\"alt\":\"T\"},{\"contig\":\"chr9\",\"pos\":39,\"ref\":\"A\",\"alt\":\"C\"},{\"contig\":\"chr9\",\"pos\":40,\"ref\":\"G\",\"alt\":\"T\"},{\"contig\":\"chr9\",\"pos\":41,\"ref\":\"A\",\"alt\":\"C\"},{\"contig\":\"chr9\",\"pos\":42,\"ref\":\"G\",\"alt\":\"T\"},{\"contig\":\"chr9\",\"pos\":43,\"ref\":\"A\",\"alt\":\"C\"},{\"contig\":\"chr9\",\"pos\":44,\"ref\":\"G\",\"alt\":\"T\"},{\"contig\":\"chr9\",\"pos\":45,\"ref\":\"A\",\"alt\":\"C\"},{\"contig\":\"chr9\",\"pos\":46,\"ref\":\"G\",\"alt\":\"T\"},{\"contig\":\"chr9\",\"pos\":47,\"ref\":\"A\",\"alt\":\"C\"},{\"contig\":\"chr9\",\"pos\":48,\"ref\":\"G\",\"alt\":\"T\"},{\"contig\":\"chr9\",\"pos\":49,\"ref\":\"A\",\"alt\":\"C\"},{\"contig\":\"chr9\",\"pos\":50,\"ref\":\"G\",\"alt\":\"T\"},{\"contig\":\"chr9\",\"pos\":51,\"ref\":\"A\",\"alt\":\"C\"},{\"contig\":\"chr9\",\"pos\":52,\"ref\":\"G\",\"alt\":\"T\"},{\"contig\":\"chr9\",\"pos\":53,\"ref\":\"A\",\"alt\":\"C\"},{\"contig\":\"chr9\",\"pos\":54,\"ref\":\"G\",\"alt\":\"T\"},{\"contig\":\"chr9\",\"pos\":55,\"ref\":\"A\",\"alt\":\"C\"},{\"contig\":\"chr9\",\"pos\":56,\"ref\":\"G\",\"alt\":\"T\"},{\"contig\":\"chr9\",\"pos\":57,\"ref\":\"A\",\"alt\":\"C\"},{\"contig\":\"chr9\",\"pos\":58,\"ref\":\"G\",\"alt\":\"T\"},{\"contig\":\"chr9\",\"pos\":59,\"ref\":\"A\",\"alt\":\"C\"},{\"contig\":\"chr9\",\"pos\":60,\"ref\":\"G\",\"alt\":\"T\"},{\"contig\":\"chr9\",\"pos\":61,\"ref\":\"A\",\"alt\":\"C\"},{\"contig\":\"chr9\",\"pos\":62,\"ref\":\"G\",\"alt\":\"T\"},{\"contig\":\"chr9\",\"pos\":63,\"ref\":\"A\",\"alt\":\"C\"}],\"contig\":\"chr9\",\"samples\":[\"SAMPLE1\",\"SAMPLE2\",\"SAMPLE3\",\"SAMPLE4\",\"SAMPLE5\",\"SAMPLE6\",\"SAMPLE7\",\"SAMPLE8\",\"SAMPLE9\",\"SAMPLE10\",\"SAMPLE11\",\"SAMPLE12\",\"SAMPLE13\",\"SAMPLE14\"],\"selection\":\"All\",\"ploidy\":\"Diploid\",\"vcf_name\":\"tests/data/test.vcf.gz\"}}"
